06-11 18:14:59.250  6314  7876 I Finsky  : [209] SCH: job service finished with id 9128.
06-11 18:14:59.630  7497  7515 D Benchmark: Flushing ART profiles for com.cabeda.Convocados
06-11 18:14:59.839   888  1015 D EGL_emulation: app_time_stats: avg=10.26ms min=0.41ms max=67.68ms count=49
06-11 18:15:00.007  1605  2000 I AiAiEcho: Predicting[0]:
06-11 18:15:00.007  1605  2000 I AiAiEcho: EchoTargets:
06-11 18:15:00.007  1605  2000 I AiAiEcho: Filtered by AiAi flag check:
06-11 18:15:00.008  1605  2000 I AiAiEcho: Ranked targets strategy: SORT, count: 0, ranking metadata:
06-11 18:15:00.008  1605  2000 I AiAiEcho: #postPredictionTargets: Sending updates to UISurface lockscreen with targets# 0 (types=[])
06-11 18:15:00.025   888  1015 D EGL_emulation: app_time_stats: avg=119.28ms min=1.03ms max=1144.88ms count=10
06-11 18:15:00.028   888   888 W PageIndicator: Total number of pages invalid: 0. Assuming 1 page.
06-11 18:15:02.204   888   888 D StatusBarIconController: ignoring old pipeline callbacks, because the new mobile icons are enabled
06-11 18:15:02.243   868   868 I wpa_supplicant: wlan0: CTRL-EVENT-BEACON-LOSS
06-11 18:15:03.813  7857  7937 D ProfileInstaller: Skipping profile installation for com.cabeda.Convocados
06-11 18:15:04.249  1363  2285 I NetworkScheduler.Stats: (REDACTED) Task %s/%s started execution. cause:%s exec_start_elapsed_seconds: %s
06-11 18:15:04.257  1363  7403 I NetworkScheduler.Stats: (REDACTED) Task %s/%s finished executing. cause:%s result: %s elapsed_millis: %s uptime_millis: %s exec_start_elapsed_seconds: %s
06-11 18:15:04.631  7497  7515 D Benchmark: Profile Installer - Save Profile
06-11 18:15:04.639   659  2773 I ActivityManager: Broadcasting: Intent { act=androidx.profileinstaller.action.SAVE_PROFILE flg=0x400000 cmp=com.cabeda.Convocados/androidx.profileinstaller.ProfileInstallReceiver }
06-11 18:15:04.640  7857  7857 I Process : Sending signal. PID: 7857 SIG: 10
06-11 18:15:04.640  7857  7857 D ProfileInstaller:
06-11 18:15:04.640  7857  7863 I beda.Convocados: Thread[2,tid=7863,WaitingInMainSignalCatcherLoop,Thread*=0xb400006f039dab20,peer=0x12d80278,"Signal Catcher"]: reacting to signal 10
06-11 18:15:04.640  7857  7863 I beda.Convocados:
06-11 18:15:04.640  7857  7863 I beda.Convocados: SIGUSR1 forcing GC (no HPROF) and profile save
06-11 18:15:04.641   659   675 I ActivityManager: Broadcast completed: result=12
06-11 18:15:04.645  7857  7863 I beda.Convocados: Explicit concurrent copying GC freed 66898(2854KB) AllocSpace objects, 22(632KB) LOS objects, 49% free, 3148KB/6297KB, paused 14us,5us total 4.947ms
06-11 18:15:04.719   659   670 W System  : A resource failed to call HardwareBuffer.close.
06-11 18:15:04.719   659   670 W System  : A resource failed to call HardwareBuffer.close.
06-11 18:15:04.719   659   670 W System  : A resource failed to call HardwareBuffer.close.
06-11 18:15:04.720   659   670 W System  : A resource failed to call release.
06-11 18:15:04.720   659   670 W System  : A resource failed to call HardwareBuffer.close.
06-11 18:15:04.720   659   670 W System  : A resource failed to call release.
06-11 18:15:05.645  7497  7515 D Benchmark: Killing process com.cabeda.Convocados
06-11 18:15:05.645  7497  7515 D UiDevice: Executing shell command: am force-stop com.cabeda.Convocados
06-11 18:15:05.666   476   476 I Zygote  : Process 7857 exited due to signal 9 (Killed)
06-11 18:15:05.666   659  2772 I ImeTracker: com.cabeda.Convocados:2df9fa96: onRequestHide at ORIGIN_SERVER_HIDE_INPUT reason HIDE_REMOVE_CLIENT
06-11 18:15:05.666   659  2772 I ImeTracker: com.cabeda.Convocados:2df9fa96: onCancelled at PHASE_SERVER_SHOULD_HIDE
06-11 18:15:05.667   659  1741 W InputManager-JNI: Input channel object 'd2c6364 com.cabeda.Convocados/dev.convocados.MainActivity (client)' was disposed without first being removed with the input manager!
06-11 18:15:05.669   511   511 I BpBinder: onLastStrongRef automatically unlinking death recipients:
06-11 18:15:05.679  2306  2708 E OpenGLRenderer: Unable to match the desired swap behavior.
06-11 18:15:05.692  1087  1087 D CarrierSvcBindHelper: onHandleForceStop: [com.cabeda.Convocados]
06-11 18:15:05.693  1087  1087 D CarrierSvcBindHelper: No carrier app for: 0
06-11 18:15:05.702  1146  1997 E OpenGLRenderer: Unable to match the desired swap behavior.
06-11 18:15:05.718  2306  2306 I bynm    : onStart
06-11 18:15:05.734  1603  1940 W MediaProvider: isAppCloneUserPair for user 0: false
06-11 18:15:05.744  1146  1201 D QuickstepModelDelegate: notifyAppTargetEvent action=1 launchLocation=workspace/0/[-1,-1]/[1,1]
06-11 18:15:05.744  1605  2000 I AiAiEcho: Predicting[0]:
06-11 18:15:05.744  1605  2000 I AiAiEcho: EchoTargets:
06-11 18:15:05.744  1605  2000 I AiAiEcho: Filtered by AiAi flag check:
06-11 18:15:05.744  1605  2000 I AiAiEcho: Ranked targets strategy: SORT, count: 0, ranking metadata:
06-11 18:15:05.749  1146  1146 D SearchTargetUtil:  query= size=8
06-11 18:15:05.749  1146  1146 D SearchTargetUtil: layoutType=short_icon_row resultType=131072 packageName=com.google.android.googlequicksearchbox extras=Bundle{suggestion_type=36,suggest_truncate_start=false,is_answer=false,is_entity=false,is_personal=true,suggest_raw_text=seguro fidelidade,group_id=web21582,zero_state_cache=[B@b81deaa,response_id=04a23412-7c9f-4ee7-afee-9385ac64531b,support_query_builder=true,} searchAction=seguro fidelidade searchActionExtras=Bundle{learn_more_url=https://support.google.com/websearch/?p=delete_recent_history&hl=en,suggestion_action_text=Delete,should_start_for_result=true,allow_pinning=true,skip_logging_in_target_handler=true,suggestion_action_rpc=1,}ParentID: null targetID: 5655b864-db09-4ae2-ba27-fc78012e2e4a
06-11 18:15:05.749  1146  1146 D SearchTargetUtil: layoutType=short_icon_row resultType=131072 packageName=com.google.android.googlequicksearchbox extras=Bundle{suggestion_type=36,suggest_truncate_start=false,is_answer=false,is_entity=false,is_personal=true,suggest_raw_text=https://www.youtube.com/watch?v=eo9ikhhczuq&t=2647s,group_id=web21582,response_id=04a23412-7c9f-4ee7-afee-9385ac64531b,support_query_builder=true,} searchAction=https://www.youtube.com/watch?v=eo9ikhhczuq&t=2647s searchActionExtras=Bundle{learn_more_url=https://support.google.com/websearch/?p=delete_recent_history&hl=en,suggestion_action_text=Delete,should_start_for_result=true,allow_pinning=true,skip_logging_in_target_handler=true,suggestion_action_rpc=1,}ParentID: null targetID: bc65697f-37ff-4147-82df-0d137d16b45e
06-11 18:15:05.749  1146  1146 D SearchTargetUtil: layoutType=short_icon_row resultType=131072 packageName=com.google.android.googlequicksearchbox extras=Bundle{suggestion_type=36,suggest_truncate_start=false,is_answer=false,is_entity=false,is_personal=true,suggest_raw_text=TLDR https://www.youtube.com/watch?v=DWcqbPm_Rn4,group_id=web21582,response_id=04a23412-7c9f-4ee7-afee-9385ac64531b,support_query_builder=true,} searchAction=TLDR https://www.youtube.com/watch?v=DWcqbPm_Rn4 searchActionExtras=Bundle{learn_more_url=https://support.google.com/websearch/?p=delete_recent_history&hl=en,suggestion_action_text=Delete,should_start_for_result=true,allow_pinning=true,skip_logging_in_target_handler=true,suggestion_action_rpc=1,}ParentID: null targetID: ebca70c7-5baa-4fd4-a58c-12f7b0d369bb
06-11 18:15:05.749  1146  1146 D SearchTargetUtil: layoutType=short_icon_row resultType=131072 packageName=com.google.android.googlequicksearchbox extras=Bundle{suggestion_type=36,suggest_truncate_start=false,is_answer=false,is_entity=false,is_personal=true,suggest_raw_text=I want to have my opencode access my emails. What is the best cli?,group_id=web21582,response_id=04a23412-7c9f-4ee7-afee-9385ac64531b,support_query_builder=true,} searchAction=I want to have my opencode access my emails. What is the best cli? searchActionExtras=Bundle{learn_more_url=https://support.google.com/websearch/?p=delete_recent_history&hl=en,suggestion_action_text=Delete,should_start_for_result=true,allow_pinning=true,skip_logging_in_target_handler=true,suggestion_action_rpc=1,}ParentID: null targetID: 044113d2-ff27-433b-a221-4d27ef43bc91
06-11 18:15:05.749  1146  1146 D SearchTargetUtil: layoutType=short_icon_row resultType=131072 packageName=com.google.android.googlequicksearchbox extras=Bundle{suggestion_type=36,suggest_truncate_start=false,is_answer=false,is_entity=false,is_personal=true,suggest_raw_text=What is the best oss alternative to settleup and splitwise?,group_id=web21582,response_id=04a23412-7c9f-4ee7-afee-9385ac64531b,support_query_builder=true,} searchAction=What is the best oss alternative to settleup and splitwise? searchActionExtras=Bundle{learn_more_url=https://support.google.com/websearch/?p=delete_recent_history&hl=en,suggestion_action_text=Delete,should_start_for_result=true,allow_pinning=true,skip_logging_in_target_handler=true,suggestion_action_rpc=1,}ParentID: null targetID: 83b14a64-2ba2-479d-87d8-fafd718e112c
06-11 18:15:05.749  1146  1146 D SearchTargetUtil: layoutType=short_icon_row resultType=131072 packageName=com.google.android.googlequicksearchbox extras=Bundle{suggestion_type=36,suggest_truncate_start=false,is_answer=false,is_entity=false,is_personal=true,suggest_raw_text=TLDR https://www.youtube.com/watch?v=G1xqTjoihfo,group_id=web21582,response_id=04a23412-7c9f-4ee7-afee-9385ac64531b,support_query_builder=true,} searchAction=TLDR https://www.youtube.com/watch?v=G1xqTjoihfo searchActionExtras=Bundle{learn_more_url=https://support.google.com/websearch/?p=delete_recent_history&hl=en,suggestion_action_text=Delete,should_start_for_result=true,allow_pinning=true,skip_logging_in_target_handler=true,suggestion_action_rpc=1,}ParentID: null targetID: 3c1b0569-42b0-448d-a4c7-487a5f77b8de
06-11 18:15:05.749  1146  1146 D SearchTargetUtil: layoutType=short_icon_row resultType=131072 packageName=com.google.android.googlequicksearchbox extras=Bundle{suggestion_type=36,suggest_truncate_start=false,is_answer=false,is_entity=false,is_personal=true,suggest_raw_text=what is the best cli,group_id=web21582,response_id=04a23412-7c9f-4ee7-afee-9385ac64531b,support_query_builder=true,} searchAction=what is the best cli searchActionExtras=Bundle{learn_more_url=https://support.google.com/websearch/?p=delete_recent_history&hl=en,suggestion_action_text=Delete,should_start_for_result=true,allow_pinning=true,skip_logging_in_target_handler=true,suggestion_action_rpc=1,}ParentID: null targetID: 50f1761c-722f-4e66-89c0-144f9c7c470c
06-11 18:15:05.749  1146  1146 D SearchTargetUtil: layoutType=short_icon_row resultType=131072 packageName=com.google.android.googlequicksearchbox extras=Bundle{suggestion_type=36,suggest_truncate_start=false,is_answer=false,is_entity=false,is_personal=true,suggest_raw_text=TLDR https://www.youtube.com/watch?v=-QoNbWhZClM,group_id=web21582,response_id=04a23412-7c9f-4ee7-afee-9385ac64531b,support_query_builder=true,} searchAction=TLDR https://www.youtube.com/watch?v=-QoNbWhZClM searchActionExtras=Bundle{learn_more_url=https://support.google.com/websearch/?p=delete_recent_history&hl=en,suggestion_action_text=Delete,should_start_for_result=true,allow_pinning=true,skip_logging_in_target_handler=true,suggestion_action_rpc=1,}ParentID: null targetID: 8bdd6397-4289-4039-ab37-e96a8bef6965
06-11 18:15:05.757  1605  2000 I AiAiEcho: #postPredictionTargets: Sending updates to UISurface home with targets# 0 (types=[])
06-11 18:15:05.774   659  2758 I ImeTracker: com.google.android.apps.nexuslauncher:85f40fe: onRequestHide at ORIGIN_SERVER_HIDE_INPUT reason HIDE_UNSPECIFIED_WINDOW
06-11 18:15:05.775   659  2758 I ImeTracker: com.google.android.apps.nexuslauncher:85f40fe: onCancelled at PHASE_SERVER_SHOULD_HIDE
06-11 18:15:05.781  1484  1484 I GoogleInputMethodService: GoogleInputMethodService.onFinishInput():2259
06-11 18:15:05.782  1484  1484 I Module  : DeviceLockedStatusModuleProvider$Module.updateDeviceLockedStatusInternal():127 repeatCheckTimes = 0, locked = false
06-11 18:15:05.783  1484  1484 I GoogleInputMethodService: GoogleInputMethodService.onStartInput():1446 onStartInput(EditorInfo{EditorInfo{packageName=com.google.android.apps.nexuslauncher, inputType=0, inputTypeString=NULL, enableLearning=false, autoCorrection=false, autoComplete=false, imeOptions=0, privateImeOptions=null, actionName=UNSPECIFIED, actionLabel=null, initialSelStart=-1, initialSelEnd=-1, initialCapsMode=0, label=null, fieldId=0, fieldName=null, extras=null, hintText=null, hintLocales=[]}}, false)
06-11 18:15:05.783  1484  1484 W AndroidIME: LatinIMEBase.updateInputViewCoverNavigation():326 Null input view, cannot update padding!
06-11 18:15:05.784  1484  1484 I Module  : DeviceLockedStatusModuleProvider$Module.updateDeviceLockedStatusInternal():127 repeatCheckTimes = 1, locked = false
06-11 18:15:05.785  1484  1484 I InputMethodEntryManager: InputMethodEntryManager.clearTemporarilyEnabledLanguages():2118 temporarilyEnabledEntryTuples []
06-11 18:15:05.801  2306  2306 I bwgw    : (REDACTED) [%s] onStart()
06-11 18:15:05.821  7340  7342 I artd    : Running profman: /apex/com.android.art/bin/art_exec --drop-capabilities --keep-fds=6:7 -- /apex/com.android.art/bin/profman --reference-profile-file-fd=6 --apk-fd=7
06-11 18:15:05.821  7340  7342 I artd    : Opened FDs: 6:/data/misc/profiles/ref/com.cabeda.Convocados/primary.prof 7:/data/app/~~7g2JPGEqG85GV21L8MsiSQ==/com.cabeda.Convocados-u4vU9wDanOJf9VsqviHakg==/base.apk
06-11 18:15:05.821  2306  2306 I bwjj    : Reloading theme data
06-11 18:15:05.905  2306  2306 E NetworkErrorMessage: (REDACTED) Invalid connectivity state: %s
06-11 18:15:05.906  2306  2306 I bynm    : onResume
06-11 18:15:05.911  2306  2306 W dolk    : missing event name
06-11 18:15:06.019   659  1741 I Process : Sending signal. PID: 7857 SIG: 9
06-11 18:15:06.042   511   511 E BpTransactionCompletedListener: Failed to transact (-32)
06-11 18:15:06.043   888  1015 D EGL_emulation: app_time_stats: avg=6018.07ms min=6018.07ms max=6018.07ms count=1
06-11 18:15:06.143   888   906 W System  : A resource failed to call release.
06-11 18:15:06.143   888   906 W System  : A resource failed to call release.
06-11 18:15:06.143   888   906 W System  : A resource failed to call release.
06-11 18:15:06.199  7961  7961 W profman : profman took 301.935ms
06-11 18:15:06.199  7340  7342 I artd    : profman returned code 2
06-11 18:15:06.204  7340  7342 I artd    : Running profman: /apex/com.android.art/bin/art_exec --drop-capabilities --keep-fds=6:7:8 -- /apex/com.android.art/bin/profman --profile-file-fd=6 --reference-profile-file-fd=7 --apk-fd=8
06-11 18:15:06.204  7340  7342 I artd    : Opened FDs: 6:/data/misc/profiles/cur/0/com.cabeda.Convocados/primary.prof 7:/data/misc/profiles/ref/com.cabeda.Convocados/primary.prof.stuOCn.tmp 8:/data/app/~~7g2JPGEqG85GV21L8MsiSQ==/com.cabeda.Convocados-u4vU9wDanOJf9VsqviHakg==/base.apk
06-11 18:15:06.345  7963  7963 W profman : profman took 122.299ms
06-11 18:15:06.346  7340  7342 I artd    : profman returned code 2
06-11 18:15:06.350  7340  7342 I artd    : Running dex2oat: /apex/com.android.art/bin/art_exec --drop-capabilities --set-task-profile=Dex2OatBootComplete --set-priority=background --keep-fds=6:7:8:9:10:11:12:13:14 -- /apex/com.android.art/bin/dex2oat64 --zip-fd=6 --zip-location=/data/app/~~7g2JPGEqG85GV21L8MsiSQ==/com.cabeda.Convocados-u4vU9wDanOJf9VsqviHakg==/base.apk --oat-fd=7 --oat-location=/data/app/~~7g2JPGEqG85GV21L8MsiSQ==/com.cabeda.Convocados-u4vU9wDanOJf9VsqviHakg==/oat/arm64/base.odex --output-vdex-fd=8 --app-image-fd=9 --image-format=lz4 --swap-fd=10 --class-loader-context-fds=11:12 --class-loader-context=PCL[]{PCL[/system_ext/framework/androidx.window.extensions.jar]#PCL[/system_ext/framework/androidx.window.sidecar.jar]} --classpath-dir=/data/app/~~7g2JPGEqG85GV21L8MsiSQ==/com.cabeda.Convocados-u4vU9wDanOJf9VsqviHakg== --input-vdex-fd=13 --profile-file-fd=14 --instruction-set=arm64 --instruction-set-features=default --instruction-set-variant=generic --compiler-filter=speed-profile --compilation-reason=cmdline --compact-dex-level=none --max-image-block-size=524288 --resolve-startup-const-strings=true --generate-mini-debug-info --runtime-arg -Xtarget-sdk-version:35 --runtime-arg -Xhidden-api-policy:enabled --runtime-arg -Xms64m --runtime-arg -Xmx512m --comments=app-version-name:1.2.0,app-version-code:29686634,art-version:340818082
06-11 18:15:06.350  7340  7342 I artd    : Opened FDs: 6:/data/app/~~7g2JPGEqG85GV21L8MsiSQ==/com.cabeda.Convocados-u4vU9wDanOJf9VsqviHakg==/base.apk 7:/data/app/~~7g2JPGEqG85GV21L8MsiSQ==/com.cabeda.Convocados-u4vU9wDanOJf9VsqviHakg==/oat/arm64/base.odex.G0tVCz.tmp 8:/data/app/~~7g2JPGEqG85GV21L8MsiSQ==/com.cabeda.Convocados-u4vU9wDanOJf9VsqviHakg==/oat/arm64/base.vdex.lf0nUo.tmp 9:/data/app/~~7g2JPGEqG85GV21L8MsiSQ==/com.cabeda.Convocados-u4vU9wDanOJf9VsqviHakg==/oat/arm64/base.art.hsRC7S.tmp 10:/data/app/~~7g2JPGEqG85GV21L8MsiSQ==/com.cabeda.Convocados-u4vU9wDanOJf9VsqviHakg==/oat/arm64/base.odex.swap.EwD0BZ.tmp 11:/system_ext/framework/androidx.window.sidecar.jar 12:/system_ext/framework/androidx.window.extensions.jar 13:/data/app/~~7g2JPGEqG85GV21L8MsiSQ==/com.cabeda.Convocados-u4vU9wDanOJf9VsqviHakg==/oat/arm64/base.vdex 14:/data/misc/profiles/ref/com.cabeda.Convocados/primary.prof
06-11 18:15:06.398  7964  7964 W dex2oat64: Mismatch between dex2oat instruction set features to use (ISA: Arm64 Feature string: a53,crc,-lse,-fp16,-dotprod,-sve) and those from CPP defines (ISA: Arm64 Feature string: -a53,-crc,-lse,-fp16,-dotprod,-sve) for the command line:
06-11 18:15:06.398  7964  7964 W dex2oat64: /apex/com.android.art/bin/dex2oat64 --zip-fd=6 --zip-location=/data/app/~~7g2JPGEqG85GV21L8MsiSQ==/com.cabeda.Convocados-u4vU9wDanOJf9VsqviHakg==/base.apk --oat-fd=7 --oat-location=/data/app/~~7g2JPGEqG85GV21L8MsiSQ==/com.cabeda.Convocados-u4vU9wDanOJf9VsqviHakg==/oat/arm64/base.odex --output-vdex-fd=8 --app-image-fd=9 --image-format=lz4 --swap-fd=10 --class-loader-context-fds=11:12 --class-loader-context=PCL[]{PCL[/system_ext/framework/androidx.window.extensions.jar]#PCL[/system_ext/framework/androidx.window.sidecar.jar]} --classpath-dir=/data/app/~~7g2JPGEqG85GV21L8MsiSQ==/com.cabeda.Convocados-u4vU9wDanOJf9VsqviHakg== --input-vdex-fd=13 --profile-file-fd=14 --instruction-set=arm64 --instruction-set-features=default --instruction-set-variant=generic --compiler-filter=speed-profile --compilation-reason=cmdline --compact-dex-level=none --max-image-block-size=524288 --resolve-startup-const-strings=true --generate-mini-debug-info --runtime-arg -Xtarget-sdk-version:35 --runtime-arg -Xhidden-api-policy:enabled --runtime-arg -Xms64m --runtime-arg -Xmx512m --comments=app-version-name:1.2.0,app-version-code:29686634,art-version:340818082
06-11 18:15:06.400  7964  7964 I dex2oat64: /apex/com.android.art/bin/dex2oat64 --output-vdex-fd=8 --class-loader-context-fds=11:12 --class-loader-context=PCL[]{PCL[/system_ext/framework/androidx.window.extensions.jar]#PCL[/system_ext/framework/androidx.window.sidecar.jar]} --classpath-dir=/data/app/~~7g2JPGEqG85GV21L8MsiSQ==/com.cabeda.Convocados-u4vU9wDanOJf9VsqviHakg== --input-vdex-fd=13 --profile-file-fd=14 --compiler-filter=speed-profile --compilation-reason=cmdline --compact-dex-level=none --max-image-block-size=524288 --resolve-startup-const-strings=true --generate-mini-debug-info --comments=app-version-name:1.2.0,app-version-code:29686634,art-version:340818082
06-11 18:15:06.464  7964  7964 I dex2oat64: Using CollectorTypeCC GC.
06-11 18:15:06.499  7964  7964 I dex2oat64: Large app, accepted running with swap.
06-11 18:15:07.207  7964  7964 I dex2oat64: Explicit concurrent copying GC freed 122623(18MB) AllocSpace objects, 0(0B) LOS objects, 49% free, 1794KB/3589KB, paused 10us,2us total 4.256ms
06-11 18:15:07.333  7964  7964 I dex2oat64: dex2oat took 936.849ms (1.991s cpu) (threads: 4) arena alloc=6101KB (6248208B) java alloc=1794KB (1837696B) native alloc=8587KB (8793824B) free=10MB (10838688B) swap=16MB (16777216B)
06-11 18:15:07.341  7340  7342 I artd    : dex2oat returned code 0
06-11 18:15:07.345   659  2758 I ArtService: Dexopt result: [packageName = com.cabeda.Convocados] DexContainerFileDexoptResult{dexContainerFile=/data/app/~~7g2JPGEqG85GV21L8MsiSQ==/com.cabeda.Convocados-u4vU9wDanOJf9VsqviHakg==/base.apk, primaryAbi=true, abi=arm64-v8a, actualCompilerFilter=speed-profile, status=PERFORMED, dex2oatWallTimeMillis=993, dex2oatCpuTimeMillis=2000, sizeBytes=64226092, sizeBeforeBytes=64226092}
06-11 18:15:07.375  1603  1957 I MediaProvider: Invalidating LocalCallingIdentity cache for package dev.convocados.baselineprofile. Reason: owned_database_row_deleted:/storage/emulated/0/Android/media/dev.convocados.baselineprofile/temporaryScript60772908362087858.tmp
06-11 18:15:07.378  1603  1957 I MediaProvider: Deleted 1 0 0 0 0 0 0 items on external_primary due to com.android.shell
06-11 18:15:07.386  1603  7957 W MediaProvider: isAppCloneUserPair for user 0: false
06-11 18:15:07.391  1363  5775 I UriTaskContentObserver: (REDACTED) Throttling content uri change event for %s
06-11 18:15:07.407  7340  7342 I artd    : Running profman: /apex/com.android.art/bin/art_exec --drop-capabilities --keep-fds=6:7 -- /apex/com.android.art/bin/profman --reference-profile-file-fd=6 --apk-fd=7
06-11 18:15:07.407  7340  7342 I artd    : Opened FDs: 6:/data/misc/profiles/ref/com.cabeda.Convocados/primary.prof 7:/data/app/~~7g2JPGEqG85GV21L8MsiSQ==/com.cabeda.Convocados-u4vU9wDanOJf9VsqviHakg==/base.apk
06-11 18:15:07.564  7984  7984 W profman : profman took 148.178ms
06-11 18:15:07.565  7340  7342 I artd    : profman returned code 2
06-11 18:15:07.566  7340  7342 I artd    : Running profman: /apex/com.android.art/bin/art_exec --drop-capabilities --keep-fds=6:7:8:9 -- /apex/com.android.art/bin/profman --profile-file-fd=6 --profile-file-fd=7 --dump-output-to-fd=8 --apk-fd=9 --dump-classes-and-methods
06-11 18:15:07.566  7340  7342 I artd    : Opened FDs: 6:/data/misc/profiles/ref/com.cabeda.Convocados/primary.prof 7:/data/misc/profiles/cur/0/com.cabeda.Convocados/primary.prof 8:/data/misc/profiles/ref/com.cabeda.Convocados/primary.prof.QtYq0A.tmp 9:/data/app/~~7g2JPGEqG85GV21L8MsiSQ==/com.cabeda.Convocados-u4vU9wDanOJf9VsqviHakg==/base.apk
06-11 18:15:07.709  7985  7985 W profman : profman took 136.533ms
06-11 18:15:07.710  7340  7342 I artd    : profman returned code 0
06-11 18:15:07.724  1603  1940 I MediaProvider: Invalidating LocalCallingIdentity cache for package dev.convocados.baselineprofile. Reason: owned_database_row_deleted:/storage/emulated/0/Android/media/dev.convocados.baselineprofile/temporaryScript4489407101771043541.tmp
06-11 18:15:07.726  1603  1940 I MediaProvider: Deleted 1 0 0 0 0 0 0 items on external_primary due to com.android.shell
06-11 18:15:07.732  1603  2807 W MediaProvider: isAppCloneUserPair for user 0: false
06-11 18:15:07.735  1363  5775 I UriTaskContentObserver: (REDACTED) Throttling content uri change event for %s
06-11 18:15:07.779  1603  1957 I MediaProvider: Invalidating LocalCallingIdentity cache for package dev.convocados.baselineprofile. Reason: owned_database_row_deleted:/storage/emulated/0/Android/media/dev.convocados.baselineprofile/temporaryScript3197086857009820383.tmp
06-11 18:15:07.783  1603  1957 I MediaProvider: Deleted 1 0 0 0 0 0 0 items on external_primary due to com.android.shell
06-11 18:15:07.784  1363  5775 I UriTaskContentObserver: (REDACTED) Throttling content uri change event for %s
06-11 18:15:07.801  1603  1957 I MediaProvider: Deleted 0 0 0 0 0 0 0 items on external_primary due to dev.convocados.baselineprofile
06-11 18:15:07.898  7497  7515 D Benchmark: Unstable profiles during iteration 2
06-11 18:15:07.898  7497  7515 D Benchmark: Killing package com.cabeda.Convocados
06-11 18:15:07.898  7497  7515 D Benchmark: Killing process com.cabeda.Convocados
06-11 18:15:07.898  7497  7515 D UiDevice: Executing shell command: am force-stop com.cabeda.Convocados
06-11 18:15:07.910  7497  7515 D Benchmark: Compile iteration (3) for com.cabeda.Convocados
06-11 18:15:07.910  7497  7515 D UiDevice: Pressing home button.
06-11 18:15:07.910  1087  1087 D CarrierSvcBindHelper: onHandleForceStop: [com.cabeda.Convocados]
06-11 18:15:07.911  1087  1087 D CarrierSvcBindHelper: No carrier app for: 0
06-11 18:15:07.947   888  1008 D KeyguardService: setOccluded(false)
06-11 18:15:07.947   888  1008 D KeyguardViewMediator: setOccluded(false)
06-11 18:15:07.948   888   888 D KeyguardViewMediator: handleSetOccluded(false)
06-11 18:15:07.951  1146  1146 D SearchTargetUtil:  query= size=8
06-11 18:15:07.951  1146  1146 D SearchTargetUtil: layoutType=short_icon_row resultType=131072 packageName=com.google.android.googlequicksearchbox extras=Bundle{suggestion_type=36,suggest_truncate_start=false,is_answer=false,is_entity=false,is_personal=true,suggest_raw_text=seguro fidelidade,group_id=web21582,zero_state_cache=[B@e3475e4,response_id=04a23412-7c9f-4ee7-afee-9385ac64531b,support_query_builder=true,} searchAction=seguro fidelidade searchActionExtras=Bundle{learn_more_url=https://support.google.com/websearch/?p=delete_recent_history&hl=en,suggestion_action_text=Delete,should_start_for_result=true,allow_pinning=true,skip_logging_in_target_handler=true,suggestion_action_rpc=1,}ParentID: null targetID: 5655b864-db09-4ae2-ba27-fc78012e2e4a
06-11 18:15:07.951  1146  1146 D SearchTargetUtil: layoutType=short_icon_row resultType=131072 packageName=com.google.android.googlequicksearchbox extras=Bundle{suggestion_type=36,suggest_truncate_start=false,is_answer=false,is_entity=false,is_personal=true,suggest_raw_text=https://www.youtube.com/watch?v=eo9ikhhczuq&t=2647s,group_id=web21582,response_id=04a23412-7c9f-4ee7-afee-9385ac64531b,support_query_builder=true,} searchAction=https://www.youtube.com/watch?v=eo9ikhhczuq&t=2647s searchActionExtras=Bundle{learn_more_url=https://support.google.com/websearch/?p=delete_recent_history&hl=en,suggestion_action_text=Delete,should_start_for_result=true,allow_pinning=true,skip_logging_in_target_handler=true,suggestion_action_rpc=1,}ParentID: null targetID: bc65697f-37ff-4147-82df-0d137d16b45e
06-11 18:15:07.951  1146  1146 D SearchTargetUtil: layoutType=short_icon_row resultType=131072 packageName=com.google.android.googlequicksearchbox extras=Bundle{suggestion_type=36,suggest_truncate_start=false,is_answer=false,is_entity=false,is_personal=true,suggest_raw_text=TLDR https://www.youtube.com/watch?v=DWcqbPm_Rn4,group_id=web21582,response_id=04a23412-7c9f-4ee7-afee-9385ac64531b,support_query_builder=true,} searchAction=TLDR https://www.youtube.com/watch?v=DWcqbPm_Rn4 searchActionExtras=Bundle{learn_more_url=https://support.google.com/websearch/?p=delete_recent_history&hl=en,suggestion_action_text=Delete,should_start_for_result=true,allow_pinning=true,skip_logging_in_target_handler=true,suggestion_action_rpc=1,}ParentID: null targetID: ebca70c7-5baa-4fd4-a58c-12f7b0d369bb
06-11 18:15:07.951  1146  1146 D SearchTargetUtil: layoutType=short_icon_row resultType=131072 packageName=com.google.android.googlequicksearchbox extras=Bundle{suggestion_type=36,suggest_truncate_start=false,is_answer=false,is_entity=false,is_personal=true,suggest_raw_text=I want to have my opencode access my emails. What is the best cli?,group_id=web21582,response_id=04a23412-7c9f-4ee7-afee-9385ac64531b,support_query_builder=true,} searchAction=I want to have my opencode access my emails. What is the best cli? searchActionExtras=Bundle{learn_more_url=https://support.google.com/websearch/?p=delete_recent_history&hl=en,suggestion_action_text=Delete,should_start_for_result=true,allow_pinning=true,skip_logging_in_target_handler=true,suggestion_action_rpc=1,}ParentID: null targetID: 044113d2-ff27-433b-a221-4d27ef43bc91
06-11 18:15:07.951  1146  1146 D SearchTargetUtil: layoutType=short_icon_row resultType=131072 packageName=com.google.android.googlequicksearchbox extras=Bundle{suggestion_type=36,suggest_truncate_start=false,is_answer=false,is_entity=false,is_personal=true,suggest_raw_text=What is the best oss alternative to settleup and splitwise?,group_id=web21582,response_id=04a23412-7c9f-4ee7-afee-9385ac64531b,support_query_builder=true,} searchAction=What is the best oss alternative to settleup and splitwise? searchActionExtras=Bundle{learn_more_url=https://support.google.com/websearch/?p=delete_recent_history&hl=en,suggestion_action_text=Delete,should_start_for_result=true,allow_pinning=true,skip_logging_in_target_handler=true,suggestion_action_rpc=1,}ParentID: null targetID: 83b14a64-2ba2-479d-87d8-fafd718e112c
06-11 18:15:07.951  1146  1146 D SearchTargetUtil: layoutType=short_icon_row resultType=131072 packageName=com.google.android.googlequicksearchbox extras=Bundle{suggestion_type=36,suggest_truncate_start=false,is_answer=false,is_entity=false,is_personal=true,suggest_raw_text=TLDR https://www.youtube.com/watch?v=G1xqTjoihfo,group_id=web21582,response_id=04a23412-7c9f-4ee7-afee-9385ac64531b,support_query_builder=true,} searchAction=TLDR https://www.youtube.com/watch?v=G1xqTjoihfo searchActionExtras=Bundle{learn_more_url=https://support.google.com/websearch/?p=delete_recent_history&hl=en,suggestion_action_text=Delete,should_start_for_result=true,allow_pinning=true,skip_logging_in_target_handler=true,suggestion_action_rpc=1,}ParentID: null targetID: 3c1b0569-42b0-448d-a4c7-487a5f77b8de
06-11 18:15:07.951  1146  1146 D SearchTargetUtil: layoutType=short_icon_row resultType=131072 packageName=com.google.android.googlequicksearchbox extras=Bundle{suggestion_type=36,suggest_truncate_start=false,is_answer=false,is_entity=false,is_personal=true,suggest_raw_text=what is the best cli,group_id=web21582,response_id=04a23412-7c9f-4ee7-afee-9385ac64531b,support_query_builder=true,} searchAction=what is the best cli searchActionExtras=Bundle{learn_more_url=https://support.google.com/websearch/?p=delete_recent_history&hl=en,suggestion_action_text=Delete,should_start_for_result=true,allow_pinning=true,skip_logging_in_target_handler=true,suggestion_action_rpc=1,}ParentID: null targetID: 50f1761c-722f-4e66-89c0-144f9c7c470c
06-11 18:15:07.951  1146  1146 D SearchTargetUtil: layoutType=short_icon_row resultType=131072 packageName=com.google.android.googlequicksearchbox extras=Bundle{suggestion_type=36,suggest_truncate_start=false,is_answer=false,is_entity=false,is_personal=true,suggest_raw_text=TLDR https://www.youtube.com/watch?v=-QoNbWhZClM,group_id=web21582,response_id=04a23412-7c9f-4ee7-afee-9385ac64531b,support_query_builder=true,} searchAction=TLDR https://www.youtube.com/watch?v=-QoNbWhZClM searchActionExtras=Bundle{learn_more_url=https://support.google.com/websearch/?p=delete_recent_history&hl=en,suggestion_action_text=Delete,should_start_for_result=true,allow_pinning=true,skip_logging_in_target_handler=true,suggestion_action_rpc=1,}ParentID: null targetID: 8bdd6397-4289-4039-ab37-e96a8bef6965
06-11 18:15:07.952  1146  1201 D QuickstepModelDelegate: notifyAppTargetEvent action=1 launchLocation=workspace/0/[-1,-1]/[1,1]
06-11 18:15:07.954  1605  2000 I AiAiEcho: Predicting[0]:
06-11 18:15:07.954  1605  2000 I AiAiEcho: EchoTargets:
06-11 18:15:07.954  1605  2000 I AiAiEcho: Filtered by AiAi flag check:
06-11 18:15:07.954  1605  2000 I AiAiEcho: Ranked targets strategy: SORT, count: 0, ranking metadata:
06-11 18:15:07.954  1605  2000 I AiAiEcho: #postPredictionTargets: Sending updates to UISurface home with targets# 0 (types=[])
06-11 18:15:07.955   888   888 I vol.VolumeDialogImpl: mDialog.dismiss() reason: volume_controller from: com.android.systemui.volume.VolumeDialogImpl$7.onDismissRequested:3
06-11 18:15:07.956   888   888 I vol.VolumeDialogImpl: mDialog.dismiss() reason: volume_controller from: com.android.systemui.volume.VolumeDialogImpl$7.onDismissRequested:3
06-11 18:15:07.956   888   888 D vol.VolumeDialogImpl: dismissH: skipping dismiss because isAnimatingDismiss is true and showingStateInconsistent is false
06-11 18:15:08.971  7497  7515 W InteractionController: Timed out waiting 1000ms for command and events.
06-11 18:15:08.981  7497  7515 D Benchmark: Starting activity with command: am start  -W "intent:#Intent;action=android.intent.action.MAIN;category=android.intent.category.LAUNCHER;launchFlags=0x10008000;package=com.cabeda.Convocados;component=com.cabeda.Convocados/dev.convocados.MainActivity;end"
06-11 18:15:08.982  1603  2807 W MediaProvider: isAppCloneUserPair for user 0: false
06-11 18:15:09.019   476   476 D Zygote  : Forked child process 8020
06-11 18:15:09.048   511   511 I BpBinder: onLastStrongRef automatically unlinking death recipients:
06-11 18:15:09.048   888  1015 E OpenGLRenderer: Unable to match the desired swap behavior.
06-11 18:15:09.088  8020  8020 I beda.Convocados: Using CollectorTypeCC GC.
06-11 18:15:09.099  1146  1997 D EGL_emulation: app_time_stats: avg=547.82ms min=12.97ms max=3133.86ms count=6
06-11 18:15:09.101   518   537 I adbd    : jdwp connection from 8020
06-11 18:15:09.120  2306  2306 I bynm    : onPause
06-11 18:15:09.120  2306  2306 W dolk    : measuring already stopped.
06-11 18:15:09.150   888  1015 D EGL_emulation: app_time_stats: avg=333.94ms min=0.78ms max=2927.45ms count=9
06-11 18:15:09.154  8020  8020 D CompatibilityChangeReporter: Compat change id reported: 171979766; UID 10194; state: ENABLED
06-11 18:15:09.155  8020  8020 D CompatibilityChangeReporter: Compat change id reported: 242716250; UID 10194; state: ENABLED
06-11 18:15:09.169  8020  8020 D ApplicationLoaders: Returning zygote-cached class loader: /system_ext/framework/androidx.window.extensions.jar
06-11 18:15:09.169  8020  8020 D ApplicationLoaders: Returning zygote-cached class loader: /system_ext/framework/androidx.window.sidecar.jar
06-11 18:15:09.187  8020  8020 D nativeloader: Configuring clns-6 for other apk /data/app/~~7g2JPGEqG85GV21L8MsiSQ==/com.cabeda.Convocados-u4vU9wDanOJf9VsqviHakg==/base.apk. target_sdk_version=35, uses_libraries=, library_path=/data/app/~~7g2JPGEqG85GV21L8MsiSQ==/com.cabeda.Convocados-u4vU9wDanOJf9VsqviHakg==/lib/arm64:/data/app/~~7g2JPGEqG85GV21L8MsiSQ==/com.cabeda.Convocados-u4vU9wDanOJf9VsqviHakg==/base.apk!/lib/arm64-v8a, permitted_path=/data:/mnt/expand:/data/user/0/com.cabeda.Convocados
06-11 18:15:09.211  8020  8020 V GraphicsEnvironment: Currently set values for:
06-11 18:15:09.211  8020  8020 V GraphicsEnvironment:   angle_gl_driver_selection_pkgs=[]
06-11 18:15:09.211  8020  8020 V GraphicsEnvironment:   angle_gl_driver_selection_values=[]
06-11 18:15:09.211  8020  8020 V GraphicsEnvironment: ANGLE GameManagerService for com.cabeda.Convocados: false
06-11 18:15:09.211  8020  8020 V GraphicsEnvironment: com.cabeda.Convocados is not listed in per-application setting
06-11 18:15:09.211  8020  8020 V GraphicsEnvironment: Neither updatable production driver nor prerelease driver is supported.
06-11 18:15:09.216  8020  8020 D CompatibilityChangeReporter: Compat change id reported: 183155436; UID 10194; state: ENABLED
06-11 18:15:09.217  8020  8020 I FirebaseApp: Device unlocked: initializing all Firebase APIs for app [DEFAULT]
06-11 18:15:09.219  8020  8020 I FirebaseInitProvider: FirebaseApp initialization successful
06-11 18:15:09.298  8020  8050 D libEGL  : loaded /vendor/lib64/egl/libEGL_emulation.so
06-11 18:15:09.300  8020  8020 D AppCompatDelegate: Checking for metadata for AppLocalesMetadataHolderService : Service not found
06-11 18:15:09.310  8020  8050 D libEGL  : loaded /vendor/lib64/egl/libGLESv1_CM_emulation.so
06-11 18:15:09.315  8020  8050 D libEGL  : loaded /vendor/lib64/egl/libGLESv2_emulation.so
06-11 18:15:09.344  8020  8020 D CompatibilityChangeReporter: Compat change id reported: 237531167; UID 10194; state: DISABLED
06-11 18:15:09.348  8020  8020 W OpenGLRenderer: Unknown dataspace 0
06-11 18:15:09.393  8020  8020 W System.err: SLF4J(W): No SLF4J providers were found.
06-11 18:15:09.393  8020  8020 W System.err: SLF4J(W): Defaulting to no-operation (NOP) logger implementation
06-11 18:15:09.393  8020  8020 W System.err: SLF4J(W): See https://www.slf4j.org/codes.html#noProviders for further details.
06-11 18:15:09.396  8020  8020 D WM-PackageManagerHelper: Skipping component enablement for androidx.work.impl.background.systemjob.SystemJobService
06-11 18:15:09.396  8020  8020 D WM-Schedulers: Created SystemJobScheduler and enabled SystemJobService
06-11 18:15:09.396  8020  8057 D WM-ForceStopRunnable: The default process name was not specified.
06-11 18:15:09.400  8020  8057 D WM-ForceStopRunnable: Performing cleanup operations.
06-11 18:15:09.437   888  1015 D EGL_emulation: app_time_stats: avg=1919.69ms min=24.39ms max=9382.75ms count=5
06-11 18:15:09.464   888   906 W System  : A resource failed to call release.
06-11 18:15:09.464   888   906 W System  : A resource failed to call release.
06-11 18:15:09.467  8020  8057 D CompatibilityChangeReporter: Compat change id reported: 160794467; UID 10194; state: ENABLED
06-11 18:15:09.468  8020  8057 D WM-ForceStopRunnable: Application was force-stopped, rescheduling.
06-11 18:15:09.477  8020  8059 D WM-PackageManagerHelper: Skipping component enablement for androidx.work.impl.background.systemalarm.RescheduleReceiver
06-11 18:15:09.500  8020  8049 W OpenGLRenderer: Failed to choose config with EGL_SWAP_BEHAVIOR_PRESERVED, retrying without...
06-11 18:15:09.500  8020  8049 W OpenGLRenderer: Failed to initialize 101010-2 format, error = EGL_SUCCESS
06-11 18:15:09.532   157   157 I hwservicemanager: getTransport: Cannot find entry android.hardware.graphics.mapper@4.0::IMapper/default in either framework or device VINTF manifest.
06-11 18:15:09.533  8020  8049 I Gralloc4: mapper 4.x is not supported
06-11 18:15:09.549  8020  8049 E OpenGLRenderer: Unable to match the desired swap behavior.
06-11 18:15:09.580   659   675 I ActivityTaskManager: Displayed com.cabeda.Convocados/dev.convocados.MainActivity for user 0: +567ms
06-11 18:15:09.597   659  2773 I ImeTracker: com.cabeda.Convocados:b2a5797a: onRequestHide at ORIGIN_SERVER_HIDE_INPUT reason HIDE_UNSPECIFIED_WINDOW
06-11 18:15:09.597   659  2773 I ImeTracker: com.cabeda.Convocados:b2a5797a: onCancelled at PHASE_SERVER_SHOULD_HIDE
06-11 18:15:09.599  1146  1200 I ImeTracker: com.google.android.apps.nexuslauncher:8afdd3c5: onRequestHide at ORIGIN_CLIENT_HIDE_SOFT_INPUT reason HIDE_SOFT_INPUT
06-11 18:15:09.600  1146  2276 D OneSearchSuggestProvider: Shut down the binder channel
06-11 18:15:09.600  2306  2306 I bynm    : onStop
06-11 18:15:09.604  1484  1484 I GoogleInputMethodService: GoogleInputMethodService.onFinishInput():2259
06-11 18:15:09.605   659  2614 I ImeTracker: com.google.android.apps.nexuslauncher:8afdd3c5: onCancelled at PHASE_SERVER_CLIENT_FOCUSED
06-11 18:15:09.618  1484  1484 I Module  : DeviceLockedStatusModuleProvider$Module.updateDeviceLockedStatusInternal():127 repeatCheckTimes = 0, locked = false
06-11 18:15:09.618  1484  1484 I GoogleInputMethodService: GoogleInputMethodService.onStartInput():1446 onStartInput(EditorInfo{EditorInfo{packageName=com.cabeda.Convocados, inputType=0, inputTypeString=NULL, enableLearning=false, autoCorrection=false, autoComplete=false, imeOptions=0, privateImeOptions=null, actionName=UNSPECIFIED, actionLabel=null, initialSelStart=-1, initialSelEnd=-1, initialCapsMode=0, label=null, fieldId=0, fieldName=null, extras=null, hintText=null, hintLocales=[]}}, false)
06-11 18:15:09.619  1484  1484 W AndroidIME: LatinIMEBase.updateInputViewCoverNavigation():326 Null input view, cannot update padding!
06-11 18:15:09.621  1484  1484 I Module  : DeviceLockedStatusModuleProvider$Module.updateDeviceLockedStatusInternal():127 repeatCheckTimes = 1, locked = false
06-11 18:15:09.647  1603  1957 I MediaProvider: Invalidating LocalCallingIdentity cache for package dev.convocados.baselineprofile. Reason: owned_database_row_deleted:/storage/emulated/0/Android/media/dev.convocados.baselineprofile/temporaryScript7661144711319210057.tmp
06-11 18:15:09.647  1603  1957 I MediaProvider: uid=10195 packageName=dev.convocados.baselineprofile deletedFilesCountBypassingDatabase=1
06-11 18:15:09.649  1603  1957 I MediaProvider: Deleted 1 0 0 0 0 0 0 items on external_primary due to com.android.shell
06-11 18:15:09.653  7497  7515 D Benchmark: Result: Starting: Intent { act=android.intent.action.MAIN cat=[android.intent.category.LAUNCHER] flg=0x10008000 pkg=com.cabeda.Convocados cmp=com.cabeda.Convocados/dev.convocados.MainActivity }
06-11 18:15:09.653  7497  7515 D Benchmark: Status: ok
06-11 18:15:09.653  7497  7515 D Benchmark: LaunchState: COLD
06-11 18:15:09.653  7497  7515 D Benchmark: Activity: com.cabeda.Convocados/dev.convocados.MainActivity
06-11 18:15:09.653  7497  7515 D Benchmark: TotalTime: 567
06-11 18:15:09.653  7497  7515 D Benchmark: WaitTime: 571
06-11 18:15:09.653  7497  7515 D Benchmark: Complete
06-11 18:15:09.663  1484  1484 I DynamicLanguageSetterModule: DynamicLanguageSetterModule.createTemporaryEnableTask():503 Enable temporary entries: [en], and current entry: null
06-11 18:15:09.664  1484  1484 I InputMethodEntryManager: InputMethodEntryManager.enableLanguagesAndChangeCurrentTemporarily():1851 enabledLanguages: [en-Latn-US], specifiedCurrentLanguage null
06-11 18:15:09.664  1484  1484 I InputMethodEntryManager: InputMethodEntryManager.enableInputMethodEntriesTemporarily():2077 temporarilyEnabledEntryTuples []
06-11 18:15:09.664  1484  1484 I InputMethodEntryManager: InputMethodEntryManager.enableLanguagesAndChangeCurrentTemporarily():1887 Update temporary current entry(en-US, qwerty)
06-11 18:15:09.669  1603  7957 W MediaProvider: isAppCloneUserPair for user 0: false
06-11 18:15:09.670  1363  5775 I UriTaskContentObserver: (REDACTED) Throttling content uri change event for %s
06-11 18:15:09.754  1923  2217 I ForwardSyncCache: reclaimMemory: Clearing caches
06-11 18:15:09.754  1923  2217 I BugleSpam: HadesBitmapStore: Purged 0 images during memory reclamation
06-11 18:15:09.754  1923  2217 I BugleRestore: reclaimMemory: Clearing persistent caches
06-11 18:15:09.754  1923  2217 W Bugle   : TextClassifierLibManagerImpl: Reclaiming memory at level: 40
06-11 18:15:09.761  1603  1957 I MediaProvider: Invalidating LocalCallingIdentity cache for package dev.convocados.baselineprofile. Reason: owned_database_row_deleted:/storage/emulated/0/Android/media/dev.convocados.baselineprofile/temporaryScript1953902747307345450.tmp
06-11 18:15:09.762  1603  1957 I MediaProvider: Deleted 1 0 0 0 0 0 0 items on external_primary due to com.android.shell
06-11 18:15:09.765  7497  7515 I System.out: 0 Flags,FrameTimelineVsyncId,IntendedVsync,Vsync,InputEventId,HandleInputStart,AnimationStart,PerformTraversalsStart,DrawStart,FrameDeadline,FrameInterval,FrameStartTime,SyncQueued,SyncStart,IssueDrawCommandsStart,SwapBuffers,FrameCompleted,DequeueBufferDuration,QueueBufferDuration,GpuCompleted,SwapBuffersCompleted,DisplayPresentTime,CommandSubmissionCompleted,
06-11 18:15:09.765  7497  7515 I System.out: 1 1,78086,262940747088,263074080416,0,263089851874,263089852541,263089871582,263270815666,262957413754,263089734749,16666666,263271270624,263271602624,263271885791,263290745332,263307620291,1542,106667,263307620291,263291542416,0,263290745332,
06-11 18:15:09.765  7497  7515 I System.out: 2 0,78413,263324080406,263340747072,0,263343690457,263343690791,263345579124,263345606374,263340747072,263343686541,16666666,263345954957,263346235374,263346271624,263370333541,263391198916,2000,253875,263391198916,263374336374,0,263370333541,
06-11 18:15:09.860  1363  3535 I FontLog : (REDACTED) Received query %s, URI %s
06-11 18:15:09.860  1363  3535 I FontLog : (REDACTED) Query [%s] resolved to %s
06-11 18:15:09.885  1363  3535 I FontLog : (REDACTED) Fetch %s end status %s
06-11 18:15:09.888  1363  3535 I FontLog : (REDACTED) Pulling font file for id = %d, cache size = %d
06-11 18:15:09.898  1363  3535 I FontLog : (REDACTED) Pulling font file for id = %d, cache size = %d
06-11 18:15:10.001   659  2773 W InputManager-JNI: Input channel object 'c5af468 Splash Screen com.cabeda.Convocados (client)' was disposed without first being removed with the input manager!
06-11 18:15:10.181   868   868 I wpa_supplicant: wlan0: CTRL-EVENT-BEACON-LOSS
06-11 18:15:10.182   888  1015 D EGL_emulation: app_time_stats: avg=88.93ms min=20.06ms max=309.17ms count=11
06-11 18:15:10.445   888  1015 D EGL_emulation: app_time_stats: avg=16.20ms min=0.41ms max=97.48ms count=40
06-11 18:15:10.529  7497  7515 D UiDevice: Retrieving node with selector: BySelector [SCROLLABLE='true'].
06-11 18:15:10.582  7497  7515 D UiDevice: Node not found with selector: BySelector [SCROLLABLE='true'].
06-11 18:15:11.133  7497  7515 D Benchmark: Flushing ART profiles for com.cabeda.Convocados
06-11 18:15:11.474   888  1015 D EGL_emulation: app_time_stats: avg=12.09ms min=0.39ms max=70.46ms count=50
06-11 18:15:11.836  3309  3938 I TracingHelper: (REDACTED) Mismatched RequestContext found for module %s. Module id from RequestContext is %s
06-11 18:15:12.204   888   888 D StatusBarIconController: ignoring old pipeline callbacks, because the new mobile icons are enabled
06-11 18:15:12.758   888   888 D StatusBarIconController: ignoring old pipeline callback because the new wifi icon is enabled
06-11 18:15:14.263  1522  7380 I GmscoreIpa: Starting mediastore instant index [CONTEXT service_id=255 ]
06-11 18:15:14.670  8020  8097 D ProfileInstaller: Skipping profile installation for com.cabeda.Convocados
06-11 18:15:16.136  7497  7515 D Benchmark: Profile Installer - Save Profile
06-11 18:15:16.144   659  1420 I ActivityManager: Broadcasting: Intent { act=androidx.profileinstaller.action.SAVE_PROFILE flg=0x400000 cmp=com.cabeda.Convocados/androidx.profileinstaller.ProfileInstallReceiver }
06-11 18:15:16.145  8020  8020 I Process : Sending signal. PID: 8020 SIG: 10
06-11 18:15:16.145  8020  8020 D ProfileInstaller:
06-11 18:15:16.145  8020  8026 I beda.Convocados: Thread[6,tid=8026,WaitingInMainSignalCatcherLoop,Thread*=0xb400006f039de2c0,peer=0x12d80278,"Signal Catcher"]: reacting to signal 10
06-11 18:15:16.145  8020  8026 I beda.Convocados:
06-11 18:15:16.145  8020  8026 I beda.Convocados: SIGUSR1 forcing GC (no HPROF) and profile save
06-11 18:15:16.145   659   675 I ActivityManager: Broadcast completed: result=12
06-11 18:15:16.150  8020  8026 I beda.Convocados: Explicit concurrent copying GC freed 65843(2817KB) AllocSpace objects, 22(632KB) LOS objects, 49% free, 3138KB/6276KB, paused 12us,4us total 4.903ms
06-11 18:15:17.146  7497  7515 D Benchmark: Killing process com.cabeda.Convocados
06-11 18:15:17.146  7497  7515 D UiDevice: Executing shell command: am force-stop com.cabeda.Convocados
06-11 18:15:17.161   476   476 I Zygote  : Process 8020 exited due to signal 9 (Killed)
06-11 18:15:17.161   659  2772 I ImeTracker: com.cabeda.Convocados:e55af093: onRequestHide at ORIGIN_SERVER_HIDE_INPUT reason HIDE_REMOVE_CLIENT
06-11 18:15:17.161   659  2772 I ImeTracker: com.cabeda.Convocados:e55af093: onCancelled at PHASE_SERVER_SHOULD_HIDE
06-11 18:15:17.162   659   732 W InputManager-JNI: Input channel object '69297ae com.cabeda.Convocados/dev.convocados.MainActivity (client)' was disposed without first being removed with the input manager!
06-11 18:15:17.165  1087  1087 D CarrierSvcBindHelper: onHandleForceStop: [com.cabeda.Convocados]
06-11 18:15:17.166  1087  1087 D CarrierSvcBindHelper: No carrier app for: 0
06-11 18:15:17.168  1146  1201 D QuickstepModelDelegate: notifyAppTargetEvent action=1 launchLocation=workspace/0/[-1,-1]/[1,1]
06-11 18:15:17.168  1603  7957 W MediaProvider: isAppCloneUserPair for user 0: false
06-11 18:15:17.169   511   511 I BpBinder: onLastStrongRef automatically unlinking death recipients:
06-11 18:15:17.171  1605  2000 I AiAiEcho: Predicting[0]:
06-11 18:15:17.172  1605  2000 I AiAiEcho: EchoTargets:
06-11 18:15:17.172  1605  2000 I AiAiEcho: Filtered by AiAi flag check:
06-11 18:15:17.172  1605  2000 I AiAiEcho: Ranked targets strategy: SORT, count: 0, ranking metadata:
06-11 18:15:17.180  2306  2708 E OpenGLRenderer: Unable to match the desired swap behavior.
06-11 18:15:17.193  1605  2000 I AiAiEcho: #postPredictionTargets: Sending updates to UISurface home with targets# 0 (types=[])
06-11 18:15:17.199  2306  2306 I bynm    : onStart
06-11 18:15:17.201  1146  1997 E OpenGLRenderer: Unable to match the desired swap behavior.
06-11 18:15:17.202  2306  2306 I bwgw    : (REDACTED) [%s] onStart()
06-11 18:15:17.214  2306  2306 I bwjj    : Reloading theme data
06-11 18:15:17.216  2306  2306 E NetworkErrorMessage: (REDACTED) Invalid connectivity state: %s
06-11 18:15:17.217  2306  2306 I bynm    : onResume
06-11 18:15:17.217  2306  2306 W dolk    : missing event name
06-11 18:15:17.238  7340  7342 I artd    : Running profman: /apex/com.android.art/bin/art_exec --drop-capabilities --keep-fds=6:7 -- /apex/com.android.art/bin/profman --reference-profile-file-fd=6 --apk-fd=7
06-11 18:15:17.238  7340  7342 I artd    : Opened FDs: 6:/data/misc/profiles/ref/com.cabeda.Convocados/primary.prof 7:/data/app/~~7g2JPGEqG85GV21L8MsiSQ==/com.cabeda.Convocados-u4vU9wDanOJf9VsqviHakg==/base.apk
06-11 18:15:17.240  1146  1146 D SearchTargetUtil:  query= size=8
06-11 18:15:17.240  1146  1146 D SearchTargetUtil: layoutType=short_icon_row resultType=131072 packageName=com.google.android.googlequicksearchbox extras=Bundle{suggestion_type=36,suggest_truncate_start=false,is_answer=false,is_entity=false,is_personal=true,suggest_raw_text=seguro fidelidade,group_id=web21582,zero_state_cache=[B@1501bfe,response_id=04a23412-7c9f-4ee7-afee-9385ac64531b,support_query_builder=true,} searchAction=seguro fidelidade searchActionExtras=Bundle{learn_more_url=https://support.google.com/websearch/?p=delete_recent_history&hl=en,suggestion_action_text=Delete,should_start_for_result=true,allow_pinning=true,skip_logging_in_target_handler=true,suggestion_action_rpc=1,}ParentID: null targetID: 5655b864-db09-4ae2-ba27-fc78012e2e4a
