06-11 18:15:51.849   659   866 I ArtService: Dexopt result: [packageName = com.cabeda.Convocados] DexContainerFileDexoptResult{dexContainerFile=/data/app/~~7g2JPGEqG85GV21L8MsiSQ==/com.cabeda.Convocados-u4vU9wDanOJf9VsqviHakg==/base.apk, primaryAbi=true, abi=arm64-v8a, actualCompilerFilter=speed-profile, status=PERFORMED, dex2oatWallTimeMillis=866, dex2oatCpuTimeMillis=1860, sizeBytes=64226092, sizeBeforeBytes=64226092}
06-11 18:15:51.875  1603  2807 I MediaProvider: Invalidating LocalCallingIdentity cache for package dev.convocados.baselineprofile. Reason: owned_database_row_deleted:/storage/emulated/0/Android/media/dev.convocados.baselineprofile/temporaryScript1700056547362546438.tmp
06-11 18:15:51.879  1603  2807 I MediaProvider: Deleted 1 0 0 0 0 0 0 items on external_primary due to com.android.shell
06-11 18:15:51.885  1603  1940 W MediaProvider: isAppCloneUserPair for user 0: false
06-11 18:15:51.888  1363  5775 I UriTaskContentObserver: (REDACTED) Throttling content uri change event for %s
06-11 18:15:51.903  7340  7342 I artd    : Running profman: /apex/com.android.art/bin/art_exec --drop-capabilities --keep-fds=6:7 -- /apex/com.android.art/bin/profman --reference-profile-file-fd=6 --apk-fd=7
06-11 18:15:51.903  7340  7342 I artd    : Opened FDs: 6:/data/misc/profiles/ref/com.cabeda.Convocados/primary.prof 7:/data/app/~~7g2JPGEqG85GV21L8MsiSQ==/com.cabeda.Convocados-u4vU9wDanOJf9VsqviHakg==/base.apk
06-11 18:15:52.051  8619  8619 W profman : profman took 137.089ms
06-11 18:15:52.051  7340  7342 I artd    : profman returned code 2
06-11 18:15:52.054  7340  7342 I artd    : Running profman: /apex/com.android.art/bin/art_exec --drop-capabilities --keep-fds=6:7:8:9 -- /apex/com.android.art/bin/profman --profile-file-fd=6 --profile-file-fd=7 --dump-output-to-fd=8 --apk-fd=9 --dump-classes-and-methods
06-11 18:15:52.054  7340  7342 I artd    : Opened FDs: 6:/data/misc/profiles/ref/com.cabeda.Convocados/primary.prof 7:/data/misc/profiles/cur/0/com.cabeda.Convocados/primary.prof 8:/data/misc/profiles/ref/com.cabeda.Convocados/primary.prof.EwEhCv.tmp 9:/data/app/~~7g2JPGEqG85GV21L8MsiSQ==/com.cabeda.Convocados-u4vU9wDanOJf9VsqviHakg==/base.apk
06-11 18:15:52.197  8620  8620 W profman : profman took 136.484ms
06-11 18:15:52.197  7340  7342 I artd    : profman returned code 0
06-11 18:15:52.204   888   888 D StatusBarIconController: ignoring old pipeline callbacks, because the new mobile icons are enabled
06-11 18:15:52.211  1603  1957 I MediaProvider: Invalidating LocalCallingIdentity cache for package dev.convocados.baselineprofile. Reason: owned_database_row_deleted:/storage/emulated/0/Android/media/dev.convocados.baselineprofile/temporaryScript4425124291212614423.tmp
06-11 18:15:52.214  1603  1957 I MediaProvider: Deleted 1 0 0 0 0 0 0 items on external_primary due to com.android.shell
06-11 18:15:52.218  1603  2807 W MediaProvider: isAppCloneUserPair for user 0: false
06-11 18:15:52.222  1363  5775 I UriTaskContentObserver: (REDACTED) Throttling content uri change event for %s
06-11 18:15:52.257  1603  1940 I MediaProvider: Invalidating LocalCallingIdentity cache for package dev.convocados.baselineprofile. Reason: owned_database_row_deleted:/storage/emulated/0/Android/media/dev.convocados.baselineprofile/temporaryScript2359633991289985706.tmp
06-11 18:15:52.260  1603  1940 I MediaProvider: Deleted 1 0 0 0 0 0 0 items on external_primary due to com.android.shell
06-11 18:15:52.260  1363  5775 I UriTaskContentObserver: (REDACTED) Throttling content uri change event for %s
06-11 18:15:52.273  1603  7957 I MediaProvider: Deleted 0 0 0 0 0 0 0 items on external_primary due to dev.convocados.baselineprofile
06-11 18:15:52.379  7497  7515 D Benchmark: Profiles stable in iteration 6 (for 2 iterations)
06-11 18:15:52.380  7497  7515 D Benchmark: Baseline profile for com.cabeda.Convocados is stable.
06-11 18:15:52.702  1603  7957 W MediaProvider: isAppCloneUserPair for user 0: false
06-11 18:15:52.711  7497  7515 D Benchmark: Moving /storage/emulated/0/Android/media/dev.convocados.baselineprofile/BaselineProfileGenerator_generate-startup-prof.txt to /sdcard/Android/media/dev.convocados.baselineprofile/additional_test_output/BaselineProfileGenerator_generate-startup-prof.txt
06-11 18:15:52.719  1363  5775 I UriTaskContentObserver: (REDACTED) Throttling content uri change event for %s
06-11 18:15:52.723  7497  7515 D Benchmark: Pull Baseline Profile with: `adb pull "/storage/emulated/0/Android/media/dev.convocados.baselineprofile/BaselineProfileGenerator_generate-startup-prof-2026-06-11-17-15-52.txt" .`
06-11 18:15:52.724  1603  1940 W MediaProvider: isAppCloneUserPair for user 0: false
06-11 18:15:52.726  1363  5775 I UriTaskContentObserver: (REDACTED) Throttling content uri change event for %s
06-11 18:15:52.730  7497  7515 D Benchmark: Moving /storage/emulated/0/Android/media/dev.convocados.baselineprofile/BaselineProfileGenerator_generate-startup-prof-2026-06-11-17-15-52.txt to /sdcard/Android/media/dev.convocados.baselineprofile/additional_test_output/BaselineProfileGenerator_generate-startup-prof-2026-06-11-17-15-52.txt
06-11 18:15:52.733  1363  5775 I UriTaskContentObserver: (REDACTED) Throttling content uri change event for %s
06-11 18:15:52.734  7497  7515 D Benchmark: Total Run Time Ns: 68546432908
06-11 18:15:52.734  7497  7515 D Benchmark: Killing process com.cabeda.Convocados
06-11 18:15:52.735  7497  7515 D UiDevice: Executing shell command: am force-stop com.cabeda.Convocados
06-11 18:15:52.745  1087  1087 D CarrierSvcBindHelper: onHandleForceStop: [com.cabeda.Convocados]
06-11 18:15:52.745  1087  1087 D CarrierSvcBindHelper: No carrier app for: 0
06-11 18:15:52.745  7497  7515 I TestRunner: finished: generate(dev.convocados.baselineprofile.BaselineProfileGenerator)
