06-11 18:14:44.065  7497  7515 I TestRunner: started: generate(dev.convocados.baselineprofile.BaselineProfileGenerator)
06-11 18:14:44.068  7497  7515 I UiAutomation: Initialized for user 0 on display 0
06-11 18:14:44.080  7497  7515 I UiAutomationShellCmd: Requesting permission: pm grant dev.convocados.baselineprofile android.permission.WRITE_EXTERNAL_STORAGE
06-11 18:14:44.081  7497  7515 W UiAutomation: UiAutomation.grantRuntimePermission() is more robust and should be used instead of 'pm grant'
06-11 18:14:44.082  1605  4835 I AiAiEcho: Settings changed for uri: content://settings/secure/accessibility_enabled
06-11 18:14:44.090  1605  2000 I AiAiEcho: Predicting[0]:
06-11 18:14:44.090  1605  2000 I AiAiEcho: EchoTargets:
06-11 18:14:44.090  1605  2000 I AiAiEcho: Filtered by AiAi flag check:
06-11 18:14:44.098  1605  2000 I AiAiEcho: Ranked targets strategy: SORT, count: 0, ranking metadata:
06-11 18:14:44.100  1605  2000 I AiAiEcho: Predicting[0]:
06-11 18:14:44.100  1605  2000 I AiAiEcho: EchoTargets:
06-11 18:14:44.100  1605  2000 I AiAiEcho: Filtered by AiAi flag check:
06-11 18:14:44.100  1605  2000 I AiAiEcho: Ranked targets strategy: SORT, count: 0, ranking metadata:
06-11 18:14:44.100  1605  2000 I AiAiEcho: Predicting[0]:
06-11 18:14:44.100  1605  2000 I AiAiEcho: EchoTargets:
06-11 18:14:44.100  1605  2000 I AiAiEcho: Filtered by AiAi flag check:
06-11 18:14:44.103  1605  2000 I AiAiEcho: Ranked targets strategy: SORT, count: 0, ranking metadata:
06-11 18:14:44.106  1605  2000 I AiAiEcho: #postPredictionTargets: Sending updates to UISurface media_data_manager with targets# 0 (types=[])
06-11 18:14:44.107  1605  2000 I AiAiEcho: #postPredictionTargets: Sending updates to UISurface home with targets# 0 (types=[])
06-11 18:14:44.107  1605  2000 I AiAiEcho: #postPredictionTargets: Sending updates to UISurface lockscreen with targets# 0 (types=[])
06-11 18:14:44.129   888   888 D SsMediaDataProvider: Forwarding Smartspace updates []
06-11 18:14:44.132   888   888 W PageIndicator: Total number of pages invalid: 0. Assuming 1 page.
06-11 18:14:44.153  1603  7102 D MediaGrants: Removed 0 media_grants for 0 user for dev.convocados.baselineprofile. Reason: Mode changed: android:read_external_storage
06-11 18:14:44.154  7497  7515 I UiAutomationShellCmd: Requesting permission: pm grant dev.convocados.baselineprofile android.permission.READ_EXTERNAL_STORAGE
06-11 18:14:44.154  7497  7515 W UiAutomation: UiAutomation.grantRuntimePermission() is more robust and should be used instead of 'pm grant'
06-11 18:14:44.162  1603  7102 D MediaGrants: Removed 0 media_grants for 0 user for dev.convocados.baselineprofile. Reason: Mode changed: android:read_external_storage
06-11 18:14:44.175  7497  7515 W Benchmark: NOTE: Your device is running a version of ART where method tracing is known to
06-11 18:14:44.175  7497  7515 W Benchmark: affect performance measurement after trace capture, so method tracing is
06-11 18:14:44.175  7497  7515 W Benchmark: off by default.
06-11 18:14:44.175  7497  7515 W Benchmark:
06-11 18:14:44.175  7497  7515 W Benchmark: To use method tracing, either flash this device, use a different device, or
06-11 18:14:44.175  7497  7515 W Benchmark: enable method tracing with MicrobenchmarkConfig / instrumentation argument, and
06-11 18:14:44.175  7497  7515 W Benchmark: only run one test at a time.
06-11 18:14:44.175  7497  7515 W Benchmark:
06-11 18:14:44.175  7497  7515 W Benchmark: For more information, see https://issuetracker.google.com/issues/316174880
06-11 18:14:44.175  7497  7515 D Benchmark: additionalTestOutputDir=/sdcard/Android/media/dev.convocados.baselineprofile/additional_test_output
06-11 18:14:44.175  7497  7515 D Benchmark: runOnMainDeadlineSeconds 30
06-11 18:14:44.177  7497  7515 I UiDevice: Creating a new instance, old instance exists: false
06-11 18:14:44.177  7497  7515 D UiDevice: Setting accessibility service flags: 65618
06-11 18:14:44.178  1605  4835 I AiAiEcho: Settings changed for uri: content://settings/secure/accessibility_enabled
06-11 18:14:44.179  1605  2000 I AiAiEcho: Predicting[0]:
06-11 18:14:44.179  1605  2000 I AiAiEcho: EchoTargets:
06-11 18:14:44.179  1605  2000 I AiAiEcho: Filtered by AiAi flag check:
06-11 18:14:44.179  1605  2000 I AiAiEcho: Ranked targets strategy: SORT, count: 0, ranking metadata:
06-11 18:14:44.179  1605  2000 I AiAiEcho: Predicting[0]:
06-11 18:14:44.179  1605  2000 I AiAiEcho: EchoTargets:
06-11 18:14:44.179  1605  2000 I AiAiEcho: Filtered by AiAi flag check:
06-11 18:14:44.179  1605  2000 I AiAiEcho: Ranked targets strategy: SORT, count: 0, ranking metadata:
06-11 18:14:44.180  1605  2000 I AiAiEcho: Predicting[0]:
06-11 18:14:44.180  1605  2000 I AiAiEcho: EchoTargets:
06-11 18:14:44.180  1605  2000 I AiAiEcho: Filtered by AiAi flag check:
06-11 18:14:44.180  1605  2000 I AiAiEcho: Ranked targets strategy: SORT, count: 0, ranking metadata:
06-11 18:14:44.180  1605  2000 I AiAiEcho: #postPredictionTargets: Sending updates to UISurface media_data_manager with targets# 0 (types=[])
06-11 18:14:44.180  1605  2000 I AiAiEcho: #postPredictionTargets: Sending updates to UISurface home with targets# 0 (types=[])
06-11 18:14:44.181  1605  2000 I AiAiEcho: #postPredictionTargets: Sending updates to UISurface lockscreen with targets# 0 (types=[])
06-11 18:14:44.186  7497  7515 D UiDevice: Turning on screen.
06-11 18:14:44.188   888   888 D SsMediaDataProvider: Forwarding Smartspace updates []
06-11 18:14:44.188   659  1011 D SafetySourceDataValidator: No cert check requested for package com.google.android.permissioncontroller
06-11 18:14:44.188   888   888 W PageIndicator: Total number of pages invalid: 0. Assuming 1 page.
06-11 18:14:44.199  7497  7515 D Benchmark: Usable output directory: /storage/emulated/0/Android/media/dev.convocados.baselineprofile
06-11 18:14:44.199  7497  7515 D Benchmark: Output Directory: /sdcard/Android/media/dev.convocados.baselineprofile/additional_test_output
06-11 18:14:44.208  1603  2807 W MediaProvider: isAppCloneUserPair for user 0: false
06-11 18:14:44.208  1603  2807 W MediaProvider: isAppCloneUserPair for user 0: false
06-11 18:14:44.215  1603  1940 W MediaProvider: isAppCloneUserPair for user 0: false
06-11 18:14:44.227  1363  5775 I UriTaskContentObserver: (REDACTED) Throttling content uri change event for %s
06-11 18:14:44.243  1363  2285 I NetworkScheduler.Stats: (REDACTED) Task %s/%s started execution. cause:%s exec_start_elapsed_seconds: %s
06-11 18:14:44.243  1363  2285 I NetworkScheduler.Stats: (REDACTED) Task %s/%s started execution. cause:%s exec_start_elapsed_seconds: %s
06-11 18:14:44.247  1603  2807 I MediaProvider: Deleted 1 0 0 0 0 0 0 items on external_primary due to dev.convocados.baselineprofile
06-11 18:14:44.248  1363  5775 I UriTaskContentObserver: (REDACTED) Throttling content uri change event for %s
06-11 18:14:44.251  1363  7284 I NetworkScheduler.Stats: (REDACTED) Task %s/%s finished executing. cause:%s result: %s elapsed_millis: %s uptime_millis: %s exec_start_elapsed_seconds: %s
06-11 18:14:44.265  1363  7404 I TapAndPay: deviceSupportsHce has detected emulator [CONTEXT service_id=79 ]
06-11 18:14:44.266  1363  7404 I TapAndPay: Sending QUICK_ACCESS_WALLET_STATE_CHANGED broadcast to wallet app. [CONTEXT service_id=79 ]
06-11 18:14:44.268  1363  7284 I NetworkScheduler.Stats: (REDACTED) Task %s/%s finished executing. cause:%s result: %s elapsed_millis: %s uptime_millis: %s exec_start_elapsed_seconds: %s
06-11 18:14:44.268  1603  1940 D CompatibilityChangeReporter: Compat change id reported: 183155436; UID 10173; state: ENABLED
06-11 18:14:44.271  1603  1940 I MediaProvider: Invalidating LocalCallingIdentity cache for package dev.convocados.baselineprofile. Reason: owned_database_row_deleted:/storage/emulated/0/Android/media/dev.convocados.baselineprofile/temporaryScript3387276599901781779.tmp
06-11 18:14:44.274  1603  1940 I MediaProvider: Deleted 1 0 0 0 0 0 0 items on external_primary due to com.android.shell
06-11 18:14:44.276  7497  7515 D Benchmark: Killing process com.cabeda.Convocados
06-11 18:14:44.276  7497  7515 D UiDevice: Executing shell command: am force-stop com.cabeda.Convocados
06-11 18:14:44.287  1087  1087 D CarrierSvcBindHelper: onHandleForceStop: [com.cabeda.Convocados]
06-11 18:14:44.288  7497  7515 D Benchmark: Resetting compiled state for com.cabeda.Convocados for stable profiles.
06-11 18:14:44.288  7497  7515 D Benchmark: Clearing ART profiles for com.cabeda.Convocados
06-11 18:14:44.288  7497  7515 D Benchmark: Resetting profiles for com.cabeda.Convocados
06-11 18:14:44.288  1087  1087 D CarrierSvcBindHelper: No carrier app for: 0
06-11 18:14:44.291  1603  2807 W MediaProvider: isAppCloneUserPair for user 0: false
06-11 18:14:44.294  1363  5775 I UriTaskContentObserver: (REDACTED) Throttling content uri change event for %s
06-11 18:14:44.316  7340  7342 I artd    : Running dex2oat: /apex/com.android.art/bin/art_exec --drop-capabilities --set-task-profile=Dex2OatBootComplete --set-priority=background --keep-fds=6:7:8:9:10:11:12 -- /apex/com.android.art/bin/dex2oat64 --zip-fd=6 --zip-location=/data/app/~~7g2JPGEqG85GV21L8MsiSQ==/com.cabeda.Convocados-u4vU9wDanOJf9VsqviHakg==/base.apk --oat-fd=7 --oat-location=/data/app/~~7g2JPGEqG85GV21L8MsiSQ==/com.cabeda.Convocados-u4vU9wDanOJf9VsqviHakg==/oat/arm64/base.odex --output-vdex-fd=8 --swap-fd=9 --class-loader-context-fds=10:11 --class-loader-context=PCL[]{PCL[/system_ext/framework/androidx.window.extensions.jar]#PCL[/system_ext/framework/androidx.window.sidecar.jar]} --classpath-dir=/data/app/~~7g2JPGEqG85GV21L8MsiSQ==/com.cabeda.Convocados-u4vU9wDanOJf9VsqviHakg== --input-vdex-fd=12 --instruction-set=arm64 --instruction-set-features=default --instruction-set-variant=generic --compiler-filter=verify --compilation-reason=cmdline --compact-dex-level=none --max-image-block-size=524288 --resolve-startup-const-strings=true --generate-mini-debug-info --runtime-arg -Xtarget-sdk-version:35 --runtime-arg -Xhidden-api-policy:enabled --runtime-arg -Xms64m --runtime-arg -Xmx512m --comments=app-version-name:1.2.0,app-version-code:29686634,art-version:340818082
06-11 18:14:44.316  7340  7342 I artd    : Opened FDs: 6:/data/app/~~7g2JPGEqG85GV21L8MsiSQ==/com.cabeda.Convocados-u4vU9wDanOJf9VsqviHakg==/base.apk 7:/data/app/~~7g2JPGEqG85GV21L8MsiSQ==/com.cabeda.Convocados-u4vU9wDanOJf9VsqviHakg==/oat/arm64/base.odex.PPGYnv.tmp 8:/data/app/~~7g2JPGEqG85GV21L8MsiSQ==/com.cabeda.Convocados-u4vU9wDanOJf9VsqviHakg==/oat/arm64/base.vdex.LPguFF.tmp 9:/data/app/~~7g2JPGEqG85GV21L8MsiSQ==/com.cabeda.Convocados-u4vU9wDanOJf9VsqviHakg==/oat/arm64/base.odex.swap.NSeP1T.tmp 10:/system_ext/framework/androidx.window.sidecar.jar 11:/system_ext/framework/androidx.window.extensions.jar 12:/data/app/~~7g2JPGEqG85GV21L8MsiSQ==/com.cabeda.Convocados-u4vU9wDanOJf9VsqviHakg==/oat/arm64/base.vdex
06-11 18:14:44.351  7570  7570 W dex2oat64: Mismatch between dex2oat instruction set features to use (ISA: Arm64 Feature string: a53,crc,-lse,-fp16,-dotprod,-sve) and those from CPP defines (ISA: Arm64 Feature string: -a53,-crc,-lse,-fp16,-dotprod,-sve) for the command line:
06-11 18:14:44.351  7570  7570 W dex2oat64: /apex/com.android.art/bin/dex2oat64 --zip-fd=6 --zip-location=/data/app/~~7g2JPGEqG85GV21L8MsiSQ==/com.cabeda.Convocados-u4vU9wDanOJf9VsqviHakg==/base.apk --oat-fd=7 --oat-location=/data/app/~~7g2JPGEqG85GV21L8MsiSQ==/com.cabeda.Convocados-u4vU9wDanOJf9VsqviHakg==/oat/arm64/base.odex --output-vdex-fd=8 --swap-fd=9 --class-loader-context-fds=10:11 --class-loader-context=PCL[]{PCL[/system_ext/framework/androidx.window.extensions.jar]#PCL[/system_ext/framework/androidx.window.sidecar.jar]} --classpath-dir=/data/app/~~7g2JPGEqG85GV21L8MsiSQ==/com.cabeda.Convocados-u4vU9wDanOJf9VsqviHakg== --input-vdex-fd=12 --instruction-set=arm64 --instruction-set-features=default --instruction-set-variant=generic --compiler-filter=verify --compilation-reason=cmdline --compact-dex-level=none --max-image-block-size=524288 --resolve-startup-const-strings=true --generate-mini-debug-info --runtime-arg -Xtarget-sdk-version:35 --runtime-arg -Xhidden-api-policy:enabled --runtime-arg -Xms64m --runtime-arg -Xmx512m --comments=app-version-name:1.2.0,app-version-code:29686634,art-version:340818082
06-11 18:14:44.351  7570  7570 I dex2oat64: /apex/com.android.art/bin/dex2oat64 --output-vdex-fd=8 --class-loader-context-fds=10:11 --class-loader-context=PCL[]{PCL[/system_ext/framework/androidx.window.extensions.jar]#PCL[/system_ext/framework/androidx.window.sidecar.jar]} --classpath-dir=/data/app/~~7g2JPGEqG85GV21L8MsiSQ==/com.cabeda.Convocados-u4vU9wDanOJf9VsqviHakg== --input-vdex-fd=12 --compiler-filter=verify --compilation-reason=cmdline --compact-dex-level=none --max-image-block-size=524288 --resolve-startup-const-strings=true --generate-mini-debug-info --comments=app-version-name:1.2.0,app-version-code:29686634,art-version:340818082
06-11 18:14:44.422  7570  7570 I dex2oat64: Using CollectorTypeCC GC.
06-11 18:14:44.466  7570  7570 I dex2oat64: Large app, accepted running with swap.
06-11 18:14:44.554  7570  7570 I dex2oat64: dex2oat took 204.756ms (152.593ms cpu) (threads: 4) arena alloc=0B (0B) java alloc=8613KB (8820416B) native alloc=3426KB (3508896B) free=1086KB (1112272B) swap=16MB (16777216B)
06-11 18:14:44.559  7340  7342 I artd    : dex2oat returned code 0
06-11 18:14:44.563   659  1011 I ArtService: Dexopt result: [packageName = com.cabeda.Convocados] DexContainerFileDexoptResult{dexContainerFile=/data/app/~~7g2JPGEqG85GV21L8MsiSQ==/com.cabeda.Convocados-u4vU9wDanOJf9VsqviHakg==/base.apk, primaryAbi=true, abi=arm64-v8a, actualCompilerFilter=verify, status=PERFORMED, dex2oatWallTimeMillis=250, dex2oatCpuTimeMillis=160, sizeBytes=56757676, sizeBeforeBytes=56757676}
06-11 18:14:44.588  1603  1940 I MediaProvider: Invalidating LocalCallingIdentity cache for package dev.convocados.baselineprofile. Reason: owned_database_row_deleted:/storage/emulated/0/Android/media/dev.convocados.baselineprofile/temporaryScript6613130806968811418.tmp
06-11 18:14:44.593  1603  1940 I MediaProvider: Deleted 1 0 0 0 0 0 0 items on external_primary due to com.android.shell
06-11 18:14:44.598  1603  2807 W MediaProvider: isAppCloneUserPair for user 0: false
06-11 18:14:44.600  1363  5775 I UriTaskContentObserver: (REDACTED) Throttling content uri change event for %s
06-11 18:14:44.627  1603  2807 I MediaProvider: Invalidating LocalCallingIdentity cache for package dev.convocados.baselineprofile. Reason: owned_database_row_deleted:/storage/emulated/0/Android/media/dev.convocados.baselineprofile/temporaryScript3772458398648363434.tmp
06-11 18:14:44.629  1603  2807 I MediaProvider: Deleted 1 0 0 0 0 0 0 items on external_primary due to com.android.shell
06-11 18:14:44.631  7497  7515 D Benchmark: Profile Installer - Skip File Operation: WRITE_SKIP_FILE
06-11 18:14:44.631  1363  5775 I UriTaskContentObserver: (REDACTED) Throttling content uri change event for %s
06-11 18:14:44.639   659  1011 I ActivityManager: Broadcasting: Intent { act=androidx.profileinstaller.action.SKIP_FILE flg=0x400000 cmp=com.cabeda.Convocados/androidx.profileinstaller.ProfileInstallReceiver (has extras) }
06-11 18:14:44.645   476   476 D Zygote  : Forked child process 7602
06-11 18:14:44.665  7602  7602 I beda.Convocados: Using CollectorTypeCC GC.
06-11 18:14:44.671   518   537 I adbd    : jdwp connection from 7602
06-11 18:14:44.708  7602  7602 D CompatibilityChangeReporter: Compat change id reported: 171979766; UID 10194; state: ENABLED
06-11 18:14:44.708  7602  7602 D CompatibilityChangeReporter: Compat change id reported: 242716250; UID 10194; state: ENABLED
06-11 18:14:44.712  7602  7602 D ApplicationLoaders: Returning zygote-cached class loader: /system_ext/framework/androidx.window.extensions.jar
06-11 18:14:44.712  7602  7602 D ApplicationLoaders: Returning zygote-cached class loader: /system_ext/framework/androidx.window.sidecar.jar
06-11 18:14:44.715  7602  7602 D nativeloader: Configuring clns-6 for other apk /data/app/~~7g2JPGEqG85GV21L8MsiSQ==/com.cabeda.Convocados-u4vU9wDanOJf9VsqviHakg==/base.apk. target_sdk_version=35, uses_libraries=, library_path=/data/app/~~7g2JPGEqG85GV21L8MsiSQ==/com.cabeda.Convocados-u4vU9wDanOJf9VsqviHakg==/lib/arm64:/data/app/~~7g2JPGEqG85GV21L8MsiSQ==/com.cabeda.Convocados-u4vU9wDanOJf9VsqviHakg==/base.apk!/lib/arm64-v8a, permitted_path=/data:/mnt/expand:/data/user/0/com.cabeda.Convocados
06-11 18:14:44.721  7602  7602 V GraphicsEnvironment: Currently set values for:
06-11 18:14:44.721  7602  7602 V GraphicsEnvironment:   angle_gl_driver_selection_pkgs=[]
06-11 18:14:44.721  7602  7602 V GraphicsEnvironment:   angle_gl_driver_selection_values=[]
06-11 18:14:44.721  7602  7602 V GraphicsEnvironment: ANGLE GameManagerService for com.cabeda.Convocados: false
06-11 18:14:44.721  7602  7602 V GraphicsEnvironment: com.cabeda.Convocados is not listed in per-application setting
06-11 18:14:44.721  7602  7602 V GraphicsEnvironment: Neither updatable production driver nor prerelease driver is supported.
06-11 18:14:44.726  7602  7602 D CompatibilityChangeReporter: Compat change id reported: 183155436; UID 10194; state: ENABLED
06-11 18:14:44.728  7602  7602 I FirebaseApp: Device unlocked: initializing all Firebase APIs for app [DEFAULT]
06-11 18:14:44.748  7602  7602 I FirebaseInitProvider: FirebaseApp initialization successful
06-11 18:14:44.756  7602  7602 D ProfileInstaller: RESULT_INSTALL_SKIP_FILE_SUCCESS
06-11 18:14:44.757   659   675 I ActivityManager: Broadcast completed: result=10
06-11 18:14:44.758  7497  7515 D Benchmark: Killing process com.cabeda.Convocados
06-11 18:14:44.758  7497  7515 D Benchmark: Killing process com.cabeda.Convocados
06-11 18:14:44.758  7497  7515 D UiDevice: Executing shell command: am force-stop com.cabeda.Convocados
06-11 18:14:44.772  7497  7515 D UiDevice: Pressing home button.
06-11 18:14:44.774  1087  1087 D CarrierSvcBindHelper: onHandleForceStop: [com.cabeda.Convocados]
06-11 18:14:44.775  1087  1087 D CarrierSvcBindHelper: No carrier app for: 0
06-11 18:14:44.775   476   476 I Zygote  : Process 7602 exited due to signal 9 (Killed)
06-11 18:14:44.841   888   888 I vol.VolumeDialogImpl: mDialog.dismiss() reason: volume_controller from: com.android.systemui.volume.VolumeDialogImpl$7.onDismissRequested:3
06-11 18:14:44.844   888   909 D KeyguardService: setOccluded(false)
06-11 18:14:44.845   888   909 D KeyguardViewMediator: setOccluded(false)
06-11 18:14:44.845   888   888 D KeyguardViewMediator: handleSetOccluded(false)
06-11 18:14:44.855   888   888 I vol.VolumeDialogImpl: mDialog.dismiss() reason: volume_controller from: com.android.systemui.volume.VolumeDialogImpl$7.onDismissRequested:3
06-11 18:14:44.855   888   888 D vol.VolumeDialogImpl: dismissH: skipping dismiss because isAnimatingDismiss is true and showingStateInconsistent is false
06-11 18:14:44.860  1146  1201 D QuickstepModelDelegate: notifyAppTargetEvent action=1 launchLocation=workspace/0/[-1,-1]/[1,1]
06-11 18:14:44.863  1605  2000 I AiAiEcho: Predicting[0]:
06-11 18:14:44.863  1605  2000 I AiAiEcho: EchoTargets:
06-11 18:14:44.863  1605  2000 I AiAiEcho: Filtered by AiAi flag check:
06-11 18:14:44.864  1605  2000 I AiAiEcho: Ranked targets strategy: SORT, count: 0, ranking metadata:
06-11 18:14:44.865  1605  2000 I AiAiEcho: #postPredictionTargets: Sending updates to UISurface home with targets# 0 (types=[])
06-11 18:14:44.878  1146  1146 D SearchTargetUtil:  query= size=8
06-11 18:14:44.878  1146  1146 D SearchTargetUtil: layoutType=short_icon_row resultType=131072 packageName=com.google.android.googlequicksearchbox extras=Bundle{suggestion_type=36,suggest_truncate_start=false,is_answer=false,is_entity=false,is_personal=true,suggest_raw_text=seguro fidelidade,group_id=web21582,zero_state_cache=[B@aad77df,response_id=04a23412-7c9f-4ee7-afee-9385ac64531b,support_query_builder=true,} searchAction=seguro fidelidade searchActionExtras=Bundle{learn_more_url=https://support.google.com/websearch/?p=delete_recent_history&hl=en,suggestion_action_text=Delete,should_start_for_result=true,allow_pinning=true,skip_logging_in_target_handler=true,suggestion_action_rpc=1,}ParentID: null targetID: 5655b864-db09-4ae2-ba27-fc78012e2e4a
06-11 18:14:44.878  1146  1146 D SearchTargetUtil: layoutType=short_icon_row resultType=131072 packageName=com.google.android.googlequicksearchbox extras=Bundle{suggestion_type=36,suggest_truncate_start=false,is_answer=false,is_entity=false,is_personal=true,suggest_raw_text=https://www.youtube.com/watch?v=eo9ikhhczuq&t=2647s,group_id=web21582,response_id=04a23412-7c9f-4ee7-afee-9385ac64531b,support_query_builder=true,} searchAction=https://www.youtube.com/watch?v=eo9ikhhczuq&t=2647s searchActionExtras=Bundle{learn_more_url=https://support.google.com/websearch/?p=delete_recent_history&hl=en,suggestion_action_text=Delete,should_start_for_result=true,allow_pinning=true,skip_logging_in_target_handler=true,suggestion_action_rpc=1,}ParentID: null targetID: bc65697f-37ff-4147-82df-0d137d16b45e
06-11 18:14:44.878  1146  1146 D SearchTargetUtil: layoutType=short_icon_row resultType=131072 packageName=com.google.android.googlequicksearchbox extras=Bundle{suggestion_type=36,suggest_truncate_start=false,is_answer=false,is_entity=false,is_personal=true,suggest_raw_text=TLDR https://www.youtube.com/watch?v=DWcqbPm_Rn4,group_id=web21582,response_id=04a23412-7c9f-4ee7-afee-9385ac64531b,support_query_builder=true,} searchAction=TLDR https://www.youtube.com/watch?v=DWcqbPm_Rn4 searchActionExtras=Bundle{learn_more_url=https://support.google.com/websearch/?p=delete_recent_history&hl=en,suggestion_action_text=Delete,should_start_for_result=true,allow_pinning=true,skip_logging_in_target_handler=true,suggestion_action_rpc=1,}ParentID: null targetID: ebca70c7-5baa-4fd4-a58c-12f7b0d369bb
06-11 18:14:44.878  1146  1146 D SearchTargetUtil: layoutType=short_icon_row resultType=131072 packageName=com.google.android.googlequicksearchbox extras=Bundle{suggestion_type=36,suggest_truncate_start=false,is_answer=false,is_entity=false,is_personal=true,suggest_raw_text=I want to have my opencode access my emails. What is the best cli?,group_id=web21582,response_id=04a23412-7c9f-4ee7-afee-9385ac64531b,support_query_builder=true,} searchAction=I want to have my opencode access my emails. What is the best cli? searchActionExtras=Bundle{learn_more_url=https://support.google.com/websearch/?p=delete_recent_history&hl=en,suggestion_action_text=Delete,should_start_for_result=true,allow_pinning=true,skip_logging_in_target_handler=true,suggestion_action_rpc=1,}ParentID: null targetID: 044113d2-ff27-433b-a221-4d27ef43bc91
06-11 18:14:44.878  1146  1146 D SearchTargetUtil: layoutType=short_icon_row resultType=131072 packageName=com.google.android.googlequicksearchbox extras=Bundle{suggestion_type=36,suggest_truncate_start=false,is_answer=false,is_entity=false,is_personal=true,suggest_raw_text=What is the best oss alternative to settleup and splitwise?,group_id=web21582,response_id=04a23412-7c9f-4ee7-afee-9385ac64531b,support_query_builder=true,} searchAction=What is the best oss alternative to settleup and splitwise? searchActionExtras=Bundle{learn_more_url=https://support.google.com/websearch/?p=delete_recent_history&hl=en,suggestion_action_text=Delete,should_start_for_result=true,allow_pinning=true,skip_logging_in_target_handler=true,suggestion_action_rpc=1,}ParentID: null targetID: 83b14a64-2ba2-479d-87d8-fafd718e112c
06-11 18:14:44.878  1146  1146 D SearchTargetUtil: layoutType=short_icon_row resultType=131072 packageName=com.google.android.googlequicksearchbox extras=Bundle{suggestion_type=36,suggest_truncate_start=false,is_answer=false,is_entity=false,is_personal=true,suggest_raw_text=TLDR https://www.youtube.com/watch?v=G1xqTjoihfo,group_id=web21582,response_id=04a23412-7c9f-4ee7-afee-9385ac64531b,support_query_builder=true,} searchAction=TLDR https://www.youtube.com/watch?v=G1xqTjoihfo searchActionExtras=Bundle{learn_more_url=https://support.google.com/websearch/?p=delete_recent_history&hl=en,suggestion_action_text=Delete,should_start_for_result=true,allow_pinning=true,skip_logging_in_target_handler=true,suggestion_action_rpc=1,}ParentID: null targetID: 3c1b0569-42b0-448d-a4c7-487a5f77b8de
06-11 18:14:44.878  1146  1146 D SearchTargetUtil: layoutType=short_icon_row resultType=131072 packageName=com.google.android.googlequicksearchbox extras=Bundle{suggestion_type=36,suggest_truncate_start=false,is_answer=false,is_entity=false,is_personal=true,suggest_raw_text=what is the best cli,group_id=web21582,response_id=04a23412-7c9f-4ee7-afee-9385ac64531b,support_query_builder=true,} searchAction=what is the best cli searchActionExtras=Bundle{learn_more_url=https://support.google.com/websearch/?p=delete_recent_history&hl=en,suggestion_action_text=Delete,should_start_for_result=true,allow_pinning=true,skip_logging_in_target_handler=true,suggestion_action_rpc=1,}ParentID: null targetID: 50f1761c-722f-4e66-89c0-144f9c7c470c
06-11 18:14:44.878  1146  1146 D SearchTargetUtil: layoutType=short_icon_row resultType=131072 packageName=com.google.android.googlequicksearchbox extras=Bundle{suggestion_type=36,suggest_truncate_start=false,is_answer=false,is_entity=false,is_personal=true,suggest_raw_text=TLDR https://www.youtube.com/watch?v=-QoNbWhZClM,group_id=web21582,response_id=04a23412-7c9f-4ee7-afee-9385ac64531b,support_query_builder=true,} searchAction=TLDR https://www.youtube.com/watch?v=-QoNbWhZClM searchActionExtras=Bundle{learn_more_url=https://support.google.com/websearch/?p=delete_recent_history&hl=en,suggestion_action_text=Delete,should_start_for_result=true,allow_pinning=true,skip_logging_in_target_handler=true,suggestion_action_rpc=1,}ParentID: null targetID: 8bdd6397-4289-4039-ab37-e96a8bef6965
06-11 18:14:45.822  7497  7515 W InteractionController: Timed out waiting 1000ms for command and events.
06-11 18:14:45.834  7497  7515 D Benchmark: Starting activity with command: am start  -W "intent:#Intent;action=android.intent.action.MAIN;category=android.intent.category.LAUNCHER;launchFlags=0x10008000;package=com.cabeda.Convocados;component=com.cabeda.Convocados/dev.convocados.MainActivity;end"
06-11 18:14:45.838  1603  1940 W MediaProvider: isAppCloneUserPair for user 0: false
06-11 18:14:45.877   476   476 D Zygote  : Forked child process 7651
06-11 18:14:45.887   511   511 I BpBinder: onLastStrongRef automatically unlinking death recipients:
06-11 18:14:45.932  7651  7651 I beda.Convocados: Using CollectorTypeCC GC.
06-11 18:14:45.935  1146  1997 D EGL_emulation: app_time_stats: avg=726.44ms min=2.14ms max=3171.60ms count=5
06-11 18:14:45.941   888  1015 E OpenGLRenderer: Unable to match the desired swap behavior.
06-11 18:14:45.974  2306  2306 I bynm    : onPause
06-11 18:14:45.982   518   537 I adbd    : jdwp connection from 7651
06-11 18:14:46.001  7651  7651 D CompatibilityChangeReporter: Compat change id reported: 171979766; UID 10194; state: ENABLED
06-11 18:14:46.001  7651  7651 D CompatibilityChangeReporter: Compat change id reported: 242716250; UID 10194; state: ENABLED
06-11 18:14:46.011  7651  7651 D ApplicationLoaders: Returning zygote-cached class loader: /system_ext/framework/androidx.window.extensions.jar
06-11 18:14:46.011  7651  7651 D ApplicationLoaders: Returning zygote-cached class loader: /system_ext/framework/androidx.window.sidecar.jar
06-11 18:14:46.012  7651  7651 D nativeloader: Configuring clns-6 for other apk /data/app/~~7g2JPGEqG85GV21L8MsiSQ==/com.cabeda.Convocados-u4vU9wDanOJf9VsqviHakg==/base.apk. target_sdk_version=35, uses_libraries=, library_path=/data/app/~~7g2JPGEqG85GV21L8MsiSQ==/com.cabeda.Convocados-u4vU9wDanOJf9VsqviHakg==/lib/arm64:/data/app/~~7g2JPGEqG85GV21L8MsiSQ==/com.cabeda.Convocados-u4vU9wDanOJf9VsqviHakg==/base.apk!/lib/arm64-v8a, permitted_path=/data:/mnt/expand:/data/user/0/com.cabeda.Convocados
06-11 18:14:46.026  7651  7651 V GraphicsEnvironment: Currently set values for:
06-11 18:14:46.026  7651  7651 V GraphicsEnvironment:   angle_gl_driver_selection_pkgs=[]
06-11 18:14:46.026  7651  7651 V GraphicsEnvironment:   angle_gl_driver_selection_values=[]
06-11 18:14:46.026  7651  7651 V GraphicsEnvironment: ANGLE GameManagerService for com.cabeda.Convocados: false
06-11 18:14:46.027  7651  7651 V GraphicsEnvironment: com.cabeda.Convocados is not listed in per-application setting
06-11 18:14:46.027  7651  7651 V GraphicsEnvironment: Neither updatable production driver nor prerelease driver is supported.
06-11 18:14:46.057  2306  2306 W dolk    : measuring already stopped.
06-11 18:14:46.069  7651  7651 D CompatibilityChangeReporter: Compat change id reported: 183155436; UID 10194; state: ENABLED
06-11 18:14:46.075  7651  7651 I FirebaseApp: Device unlocked: initializing all Firebase APIs for app [DEFAULT]
06-11 18:14:46.076  7651  7651 I FirebaseInitProvider: FirebaseApp initialization successful
06-11 18:14:46.107  7651  7651 D AppCompatDelegate: Checking for metadata for AppLocalesMetadataHolderService : Service not found
06-11 18:14:46.124   868   868 I wpa_supplicant: wlan0: CTRL-EVENT-BEACON-LOSS
06-11 18:14:46.131  7651  7683 D libEGL  : loaded /vendor/lib64/egl/libEGL_emulation.so
06-11 18:14:46.137  7651  7683 D libEGL  : loaded /vendor/lib64/egl/libGLESv1_CM_emulation.so
06-11 18:14:46.140  7651  7683 D libEGL  : loaded /vendor/lib64/egl/libGLESv2_emulation.so
06-11 18:14:46.244  7651  7651 D CompatibilityChangeReporter: Compat change id reported: 237531167; UID 10194; state: DISABLED
06-11 18:14:46.247  7651  7651 W OpenGLRenderer: Unknown dataspace 0
06-11 18:14:46.301  7651  7651 W System.err: SLF4J(W): No SLF4J providers were found.
06-11 18:14:46.301  7651  7651 W System.err: SLF4J(W): Defaulting to no-operation (NOP) logger implementation
06-11 18:14:46.301  7651  7651 W System.err: SLF4J(W): See https://www.slf4j.org/codes.html#noProviders for further details.
06-11 18:14:46.315  7651  7651 D WM-PackageManagerHelper: Skipping component enablement for androidx.work.impl.background.systemjob.SystemJobService
06-11 18:14:46.315  7651  7651 D WM-Schedulers: Created SystemJobScheduler and enabled SystemJobService
06-11 18:14:46.316  7651  7691 D WM-ForceStopRunnable: The default process name was not specified.
06-11 18:14:46.317  7651  7691 D WM-ForceStopRunnable: Performing cleanup operations.
06-11 18:14:46.353   888  1015 D EGL_emulation: app_time_stats: avg=108299.48ms min=983.06ms max=215615.91ms count=2
06-11 18:14:46.394  7651  7691 D WM-SystemJobScheduler: Reconciling jobs
06-11 18:14:46.399  7651  7691 D CompatibilityChangeReporter: Compat change id reported: 160794467; UID 10194; state: ENABLED
06-11 18:14:46.400   888  1015 D EGL_emulation: app_time_stats: avg=1402.52ms min=0.91ms max=4000.70ms count=3
06-11 18:14:46.400  7651  7691 D WM-ForceStopRunnable: Application was force-stopped, rescheduling.
06-11 18:14:46.403  7651  7691 D CompatibilityChangeReporter: Compat change id reported: 194532703; UID 10194; state: ENABLED
06-11 18:14:46.403  7651  7691 D CompatibilityChangeReporter: Compat change id reported: 253665015; UID 10194; state: ENABLED
06-11 18:14:46.403  7651  7691 D WM-SystemJobScheduler: Scheduling work ID 191392e7-1382-4019-8c57-a03f5c3d8752Job ID 8
06-11 18:14:46.413  7651  7693 D WM-Processor: Processor cancelling 191392e7-1382-4019-8c57-a03f5c3d8752
06-11 18:14:46.413  7651  7693 D WM-Processor: WorkerWrapper could not be found for 191392e7-1382-4019-8c57-a03f5c3d8752
06-11 18:14:46.415  7651  7693 D WM-GreedyScheduler: Cancelling work ID 191392e7-1382-4019-8c57-a03f5c3d8752
06-11 18:14:46.420  7651  7693 D WM-PackageManagerHelper: androidx.work.impl.background.systemalarm.RescheduleReceiver disabled
06-11 18:14:46.429   511   616 W ServiceManagerCppClient: Permission failure: android.permission.ROTATE_SURFACE_FLINGER from uid=10194 pid=7651
06-11 18:14:46.429   511   615 W ServiceManagerCppClient: Permission failure: android.permission.ROTATE_SURFACE_FLINGER from uid=10194 pid=0
06-11 18:14:46.429   511   615 D PermissionCache: checking android.permission.ROTATE_SURFACE_FLINGER for uid=10194 => denied (398 us)
06-11 18:14:46.429   511   616 D PermissionCache: checking android.permission.ROTATE_SURFACE_FLINGER for uid=10194 => denied (252 us)
06-11 18:14:46.429   511   615 W ServiceManagerCppClient: Permission failure: android.permission.INTERNAL_SYSTEM_WINDOW from uid=10194 pid=0
06-11 18:14:46.429   511   615 D PermissionCache: checking android.permission.INTERNAL_SYSTEM_WINDOW for uid=10194 => denied (81 us)
06-11 18:14:46.429   511   616 W ServiceManagerCppClient: Permission failure: android.permission.INTERNAL_SYSTEM_WINDOW from uid=10194 pid=7651
06-11 18:14:46.429   511   616 D PermissionCache: checking android.permission.INTERNAL_SYSTEM_WINDOW for uid=10194 => denied (88 us)
06-11 18:14:46.430   511   615 W ServiceManagerCppClient: Permission failure: android.permission.ACCESS_SURFACE_FLINGER from uid=10194 pid=0
06-11 18:14:46.430   511   615 D PermissionCache: checking android.permission.ACCESS_SURFACE_FLINGER for uid=10194 => denied (208 us)
06-11 18:14:46.430   511   616 W ServiceManagerCppClient: Permission failure: android.permission.ACCESS_SURFACE_FLINGER from uid=10194 pid=7651
06-11 18:14:46.430   511   616 D PermissionCache: checking android.permission.ACCESS_SURFACE_FLINGER for uid=10194 => denied (351 us)
06-11 18:14:46.434  7651  7678 W OpenGLRenderer: Failed to choose config with EGL_SWAP_BEHAVIOR_PRESERVED, retrying without...
06-11 18:14:46.434  7651  7678 W OpenGLRenderer: Failed to initialize 101010-2 format, error = EGL_SUCCESS
06-11 18:14:46.462   157   157 I hwservicemanager: getTransport: Cannot find entry android.hardware.graphics.mapper@4.0::IMapper/default in either framework or device VINTF manifest.
06-11 18:14:46.463  7651  7678 I Gralloc4: mapper 4.x is not supported
06-11 18:14:46.478  7651  7678 E OpenGLRenderer: Unable to match the desired swap behavior.
06-11 18:14:46.502   659  1582 W ServiceManagerCppClient: Permission failure: android.permission.ROTATE_SURFACE_FLINGER from uid=10194 pid=0
06-11 18:14:46.502   659  1582 D PermissionCache: checking android.permission.ROTATE_SURFACE_FLINGER for uid=10194 => denied (89 us)
06-11 18:14:46.502   659  1582 W ServiceManagerCppClient: Permission failure: android.permission.INTERNAL_SYSTEM_WINDOW from uid=10194 pid=0
06-11 18:14:46.502   659  1582 D PermissionCache: checking android.permission.INTERNAL_SYSTEM_WINDOW for uid=10194 => denied (7 us)
06-11 18:14:46.502   659  1582 W ServiceManagerCppClient: Permission failure: android.permission.ACCESS_SURFACE_FLINGER from uid=10194 pid=0
06-11 18:14:46.502   659  1582 D PermissionCache: checking android.permission.ACCESS_SURFACE_FLINGER for uid=10194 => denied (3 us)
06-11 18:14:46.511   659   675 I ActivityTaskManager: Displayed com.cabeda.Convocados/dev.convocados.MainActivity for user 0: +649ms
06-11 18:14:46.550  1603  2807 I MediaProvider: Invalidating LocalCallingIdentity cache for package dev.convocados.baselineprofile. Reason: owned_database_row_deleted:/storage/emulated/0/Android/media/dev.convocados.baselineprofile/temporaryScript3334940629791683924.tmp
06-11 18:14:46.576  1603  2807 I MediaProvider: Deleted 1 0 0 0 0 0 0 items on external_primary due to com.android.shell
06-11 18:14:46.577  7497  7515 D Benchmark: Result: Starting: Intent { act=android.intent.action.MAIN cat=[android.intent.category.LAUNCHER] flg=0x10008000 pkg=com.cabeda.Convocados cmp=com.cabeda.Convocados/dev.convocados.MainActivity }
06-11 18:14:46.577  7497  7515 D Benchmark: Status: ok
06-11 18:14:46.577  7497  7515 D Benchmark: LaunchState: COLD
06-11 18:14:46.577  7497  7515 D Benchmark: Activity: com.cabeda.Convocados/dev.convocados.MainActivity
06-11 18:14:46.577  7497  7515 D Benchmark: TotalTime: 649
06-11 18:14:46.577  7497  7515 D Benchmark: WaitTime: 654
06-11 18:14:46.577  7497  7515 D Benchmark: Complete
06-11 18:14:46.593  1603  1940 W MediaProvider: isAppCloneUserPair for user 0: false
06-11 18:14:46.595   659  1582 I ImeTracker: com.cabeda.Convocados:f5fd40b5: onRequestHide at ORIGIN_SERVER_HIDE_INPUT reason HIDE_UNSPECIFIED_WINDOW
06-11 18:14:46.596   659  1582 I ImeTracker: com.cabeda.Convocados:f5fd40b5: onCancelled at PHASE_SERVER_SHOULD_HIDE
06-11 18:14:46.615  2306  2306 I bynm    : onStop
06-11 18:14:46.615  1146  1200 I ImeTracker: com.google.android.apps.nexuslauncher:15e9d80a: onRequestHide at ORIGIN_CLIENT_HIDE_SOFT_INPUT reason HIDE_SOFT_INPUT
06-11 18:14:46.615  1146  1200 I ImeTracker: com.google.android.apps.nexuslauncher:15e9d80a: onFailed at PHASE_CLIENT_VIEW_SERVED
06-11 18:14:46.616  1146  2276 D OneSearchSuggestProvider: Shut down the binder channel
06-11 18:14:46.617  1363  5775 I UriTaskContentObserver: (REDACTED) Throttling content uri change event for %s
06-11 18:14:46.619  1146  1178 I IPCThreadState: oneway function results for code 2 on binder at 0xb400007033a14030 will be dropped but finished with status UNKNOWN_TRANSACTION
06-11 18:14:46.620  1484  1484 I GoogleInputMethodService: GoogleInputMethodService.onFinishInput():2259
06-11 18:14:46.699  1484  1484 I Module  : DeviceLockedStatusModuleProvider$Module.updateDeviceLockedStatusInternal():127 repeatCheckTimes = 0, locked = false
06-11 18:14:46.702  1484  1484 W NotificationCenter: NotificationCenter$NotificationQueue.notifyPendingNotificationsOnExecutor():877 Heavy notify work detected on UI thread: [nqx->npy, nqx->pzi, nqx->gyz, nqx->lee, nqx->lee, nqx->lee, nqx->npo, nqx->lee, nqx->lee, nqx->lee, nqx->lee, nqx->gwb, nqx->lee, nqx->moi, nqx->lee, nqx->lee, nqx->hyj, nqx->lhb] takes 69ms
06-11 18:14:46.709  1484  1484 I GoogleInputMethodService: GoogleInputMethodService.onStartInput():1446 onStartInput(EditorInfo{EditorInfo{packageName=com.cabeda.Convocados, inputType=0, inputTypeString=NULL, enableLearning=false, autoCorrection=false, autoComplete=false, imeOptions=0, privateImeOptions=null, actionName=UNSPECIFIED, actionLabel=null, initialSelStart=-1, initialSelEnd=-1, initialCapsMode=0, label=null, fieldId=0, fieldName=null, extras=null, hintText=null, hintLocales=[]}}, false)
06-11 18:14:46.710  1484  1484 W AndroidIME: LatinIMEBase.updateInputViewCoverNavigation():326 Null input view, cannot update padding!
06-11 18:14:46.714  1484  1484 I Module  : DeviceLockedStatusModuleProvider$Module.updateDeviceLockedStatusInternal():127 repeatCheckTimes = 1, locked = false
06-11 18:14:46.730  1522  1522 D BoundBrokerSvc: onUnbind: Intent { act=com.google.android.gms.people.contactssync.service.START pkg=com.google.android.gms }
06-11 18:14:46.742  1363  2553 I FontLog : (REDACTED) Received query %s, URI %s
06-11 18:14:46.743  1363  2553 I FontLog : (REDACTED) Query [%s] resolved to %s
06-11 18:14:46.758  1603  1940 I MediaProvider: Invalidating LocalCallingIdentity cache for package dev.convocados.baselineprofile. Reason: owned_database_row_deleted:/storage/emulated/0/Android/media/dev.convocados.baselineprofile/temporaryScript7255554006301745861.tmp
06-11 18:14:46.758  1363  2553 I FontLog : (REDACTED) Fetch %s end status %s
06-11 18:14:46.765  1603  1940 I MediaProvider: Deleted 1 0 0 0 0 0 0 items on external_primary due to com.android.shell
06-11 18:14:46.766  1363  2553 I FontLog : (REDACTED) Pulling font file for id = %d, cache size = %d
06-11 18:14:46.767  5501  5516 W droid.apps.docs: Suspending all threads took: 29.256ms
06-11 18:14:46.784  1363  4020 D TrafficStats: tagSocket(138) with statsTag=0x4000407, statsUid=-1
06-11 18:14:46.785  7497  7515 I System.out: 0 Flags,FrameTimelineVsyncId,IntendedVsync,Vsync,InputEventId,HandleInputStart,AnimationStart,PerformTraversalsStart,DrawStart,FrameDeadline,FrameInterval,FrameStartTime,SyncQueued,SyncStart,IssueDrawCommandsStart,SwapBuffers,FrameCompleted,DequeueBufferDuration,QueueBufferDuration,GpuCompleted,SwapBuffersCompleted,DisplayPresentTime,CommandSubmissionCompleted,
06-11 18:14:46.785  7497  7515 I System.out: 1 1,66601,239807414680,239974081340,0,239978754696,239978754863,239978800363,240200845530,239824081346,239978508905,16666666,240203196780,240204359280,240204636738,240222028030,240227123780,1250,114083,240227123780,240223351530,0,240222028030,
06-11 18:14:46.785  7497  7515 I System.out: 2 0,67017,240240747996,240240747996,0,240252924946,240252925196,240308900446,240308919780,240257414662,240252921655,16666666,240309831780,240314200655,240314230780,240327809613,240340954321,1500,485000,240340954321,240329276071,0,240327809613,
06-11 18:14:46.785  1363  2553 I FontLog : (REDACTED) Pulling font file for id = %d, cache size = %d
06-11 18:14:46.823  1484  1484 I DynamicLanguageSetterModule: DynamicLanguageSetterModule.createTemporaryEnableTask():503 Enable temporary entries: [en], and current entry: null
06-11 18:14:46.836  1484  1484 I InputMethodEntryManager: InputMethodEntryManager.enableLanguagesAndChangeCurrentTemporarily():1851 enabledLanguages: [en-Latn-US], specifiedCurrentLanguage null
06-11 18:14:46.854  1484  1484 I InputMethodEntryManager: InputMethodEntryManager.enableInputMethodEntriesTemporarily():2077 temporarilyEnabledEntryTuples []
06-11 18:14:46.855  1484  1484 I InputMethodEntryManager: InputMethodEntryManager.enableLanguagesAndChangeCurrentTemporarily():1887 Update temporary current entry(en-US, qwerty)
06-11 18:14:46.979   659   716 W InputManager-JNI: Input channel object '13929d3 Splash Screen com.cabeda.Convocados (client)' was disposed without first being removed with the input manager!
06-11 18:14:47.002  1923  2217 I ForwardSyncCache: reclaimMemory: Clearing caches
06-11 18:14:47.002  1923  2217 I BugleSpam: HadesBitmapStore: Purged 0 images during memory reclamation
06-11 18:14:47.004  1923  2217 I BugleRestore: reclaimMemory: Clearing persistent caches
06-11 18:14:47.053  1923  2217 W Bugle   : TextClassifierLibManagerImpl: Reclaiming memory at level: 40
06-11 18:14:47.365   888  1015 D EGL_emulation: app_time_stats: avg=26.27ms min=0.68ms max=140.18ms count=32
06-11 18:14:47.427  1087  1087 D CarrierSvcBindHelper: onPackageModified: com.cabeda.Convocados
06-11 18:14:47.431  1087  1087 D CarrierSvcBindHelper: No carrier app for: 0
06-11 18:14:47.435   659   741 I RoleService: Granting default roles...
06-11 18:14:47.436  1058  1058 V MediaPlayerList: mPackageChangedBroadcastReceiver: action: android.intent.action.PACKAGE_CHANGED
06-11 18:14:47.436  1058  1058 V MediaPlayerList: mPackageChangedBroadcastReceiver: action: android.intent.action.PACKAGE_CHANGED
06-11 18:14:47.441   888   888 D ControlsListingControllerImpl: ServiceConfig reloaded, count: 0
06-11 18:14:47.452  1009  1033 I PermissionControllerServiceImpl: Updating user sensitive for uid 10194
06-11 18:14:47.461   659   752 I InputReader: Reconfiguring input devices, changes=KEYBOARD_LAYOUTS
06-11 18:14:47.480  1484  1484 I PkDeviceHelper: PkDeviceHelper.refreshDevices():87 refreshing devices
06-11 18:14:47.483  1484  1484 I PkDeviceHelper: PkDeviceHelper.refreshDevices():87 refreshing devices
06-11 18:14:47.483  1484  1484 I PkDeviceHelper: PkDeviceHelper.refreshDevices():87 refreshing devices
06-11 18:14:47.484  1484  1484 I PkDeviceHelper: PkDeviceHelper.refreshDevices():87 refreshing devices
06-11 18:14:47.484  1484  1484 I PkDeviceHelper: PkDeviceHelper.refreshDevices():87 refreshing devices
06-11 18:14:47.485  1484  1484 I PkDeviceHelper: PkDeviceHelper.refreshDevices():87 refreshing devices
06-11 18:14:47.485  1484  1484 I PkDeviceHelper: PkDeviceHelper.refreshDevices():87 refreshing devices
06-11 18:14:47.497  1484  1484 I PkDeviceHelper: PkDeviceHelper.refreshDevices():87 refreshing devices
06-11 18:14:47.497  1484  1484 I PkDeviceHelper: PkDeviceHelper.refreshDevices():87 refreshing devices
06-11 18:14:47.497  1484  1484 I PkDeviceHelper: PkDeviceHelper.refreshDevices():87 refreshing devices
06-11 18:14:47.498  1484  1484 I PkDeviceHelper: PkDeviceHelper.refreshDevices():87 refreshing devices
06-11 18:14:47.499  1484  1484 I PkDeviceHelper: PkDeviceHelper.refreshDevices():87 refreshing devices
06-11 18:14:47.499  1087  1305 D ImsResolver: maybeAddedImsService, packageName: com.cabeda.Convocados
06-11 18:14:47.502   659   684 E system_server: No package ID 7f found for resource ID 0x7f070077.
06-11 18:14:47.502   659   684 E system_server: No package ID 7f found for resource ID 0x7f0f00e2.
06-11 18:14:47.502   659   684 E system_server: No package ID 7f found for resource ID 0x7f0f00e2.
06-11 18:14:47.502   659   684 E system_server: No package ID 7f found for resource ID 0x7f070077.
06-11 18:14:47.502   659   684 E system_server: No package ID 7f found for resource ID 0x7f0f00e1.
06-11 18:14:47.502   659   684 E system_server: No package ID 7f found for resource ID 0x7f0f00e1.
06-11 18:14:47.509  7497  7515 D UiDevice: Retrieving node with selector: BySelector [SCROLLABLE='true'].
06-11 18:14:47.514  1009  7360 E RoleControllerServiceImpl: Default/fallback role holder package doesn't qualify for the role, package: com.google.android.gms.supervision, role: android.app.role.SYSTEM_SUPERVISION
06-11 18:14:47.526  1009  7360 W Role    : Default holder doesn't have required signing certificate: com.google.android.apps.work.clouddpc:23962F4B43B9857638EA66F4D419518EAE282491ACDA4B94707BD59003C45E58
06-11 18:14:47.553  1605  1605 I AiAiEcho: AppFetcherImpl onPackageChanged com.cabeda.Convocados.
06-11 18:14:47.557  1605  7412 I AiAiEcho: AppIndexer Package:[com.cabeda.Convocados] UserProfile:[0] Enabled:[true].
06-11 18:14:47.558  1605  7412 I AiAiEcho: AppFetcherImplV2 updateApps package:[com.cabeda.Convocados], userId:[0], reason:[package is updated.].
06-11 18:14:47.782  7497  7515 D UiDevice: Node not found with selector: BySelector [SCROLLABLE='true'].
06-11 18:14:47.979  1522  7380 I FraudProtectUtils: (REDACTED) Latest bank app list size: %d, %s isBankApp: %b
06-11 18:14:47.979  1522  7380 W ComponentChangedIO: No package name in intent data or package is not a bank app [CONTEXT service_id=469 ]
06-11 18:14:48.120  7497  7515 D Benchmark: Flushing ART profiles for com.cabeda.Convocados
06-11 18:14:48.404   888  1015 D EGL_emulation: app_time_stats: avg=11.46ms min=0.42ms max=58.39ms count=48
06-11 18:14:49.406  7497  7774 D ProfileInstaller: Installing profile for dev.convocados.baselineprofile
06-11 18:14:51.841  7651  7775 D ProfileInstaller: Skipping profile installation for com.cabeda.Convocados
06-11 18:14:52.205   888   888 D StatusBarIconController: ignoring old pipeline callbacks, because the new mobile icons are enabled
06-11 18:14:52.205   888  1015 D EGL_emulation: app_time_stats: avg=266.66ms min=1.82ms max=4858.25ms count=21
06-11 18:14:53.121  7497  7515 D Benchmark: Profile Installer - Save Profile
06-11 18:14:53.137   659  2655 I ActivityManager: Broadcasting: Intent { act=androidx.profileinstaller.action.SAVE_PROFILE flg=0x400000 cmp=com.cabeda.Convocados/androidx.profileinstaller.ProfileInstallReceiver }
06-11 18:14:53.138  7651  7651 I Process : Sending signal. PID: 7651 SIG: 10
06-11 18:14:53.138  7651  7651 D ProfileInstaller:
06-11 18:14:53.138  7651  7656 I beda.Convocados: Thread[4,tid=7656,WaitingInMainSignalCatcherLoop,Thread*=0xb400006f039e1a60,peer=0x12d80278,"Signal Catcher"]: reacting to signal 10
06-11 18:14:53.138  7651  7656 I beda.Convocados:
06-11 18:14:53.138  7651  7656 I beda.Convocados: SIGUSR1 forcing GC (no HPROF) and profile save
06-11 18:14:53.138   659   675 I ActivityManager: Broadcast completed: result=12
06-11 18:14:53.143  7651  7656 I beda.Convocados: Explicit concurrent copying GC freed 75472(4150KB) AllocSpace objects, 28(816KB) LOS objects, 49% free, 4842KB/9685KB, paused 12us,5us total 4.983ms
06-11 18:14:54.140  7497  7515 D Benchmark: Killing process com.cabeda.Convocados
06-11 18:14:54.140  7497  7515 D UiDevice: Executing shell command: am force-stop com.cabeda.Convocados
06-11 18:14:54.157  2306  2708 E OpenGLRenderer: Unable to match the desired swap behavior.
06-11 18:14:54.158   476   476 I Zygote  : Process 7651 exited due to signal 9 (Killed)
06-11 18:14:54.159   659  2773 I ImeTracker: com.cabeda.Convocados:e63a9c04: onRequestHide at ORIGIN_SERVER_HIDE_INPUT reason HIDE_REMOVE_CLIENT
06-11 18:14:54.159   659  2773 I ImeTracker: com.cabeda.Convocados:e63a9c04: onCancelled at PHASE_SERVER_SHOULD_HIDE
06-11 18:14:54.159   659  2758 W InputManager-JNI: Input channel object '8048eb1 com.cabeda.Convocados/dev.convocados.MainActivity (client)' was disposed without first being removed with the input manager!
06-11 18:14:54.169  2306  2306 I bynm    : onStart
06-11 18:14:54.182  1087  1087 D CarrierSvcBindHelper: onHandleForceStop: [com.cabeda.Convocados]
06-11 18:14:54.182  1087  1087 D CarrierSvcBindHelper: No carrier app for: 0
06-11 18:14:54.185  2306  2306 I bwgw    : (REDACTED) [%s] onStart()
06-11 18:14:54.185  2306  2306 I bwjj    : Reloading theme data
06-11 18:14:54.186   511   511 I BpBinder: onLastStrongRef automatically unlinking death recipients:
06-11 18:14:54.200  1146  1997 E OpenGLRenderer: Unable to match the desired swap behavior.
06-11 18:14:54.204  1603  1957 W MediaProvider: isAppCloneUserPair for user 0: false
06-11 18:14:54.214  2306  2306 E NetworkErrorMessage: (REDACTED) Invalid connectivity state: %s
06-11 18:14:54.215  2306  2306 I bynm    : onResume
06-11 18:14:54.216  2306  2306 W dolk    : missing event name
06-11 18:14:54.223  1146  1201 D QuickstepModelDelegate: notifyAppTargetEvent action=1 launchLocation=workspace/0/[-1,-1]/[1,1]
06-11 18:14:54.225  1605  2000 I AiAiEcho: Predicting[0]:
06-11 18:14:54.226  1605  2000 I AiAiEcho: EchoTargets:
06-11 18:14:54.226  1605  2000 I AiAiEcho: Filtered by AiAi flag check:
06-11 18:14:54.226  1605  2000 I AiAiEcho: Ranked targets strategy: SORT, count: 0, ranking metadata:
06-11 18:14:54.227  1605  2000 I AiAiEcho: #postPredictionTargets: Sending updates to UISurface home with targets# 0 (types=[])
06-11 18:14:54.233  1146  1146 D SearchTargetUtil:  query= size=8
