06-11 18:15:28.365  1484  1484 I Module  : DeviceLockedStatusModuleProvider$Module.updateDeviceLockedStatusInternal():127 repeatCheckTimes = 1, locked = false
06-11 18:15:28.366  1484  1484 I InputMethodEntryManager: InputMethodEntryManager.clearTemporarilyEnabledLanguages():2118 temporarilyEnabledEntryTuples []
06-11 18:15:28.561  8275  8275 W profman : profman took 203.864ms
06-11 18:15:28.563  7340  7342 I artd    : profman returned code 2
06-11 18:15:28.567  7340  7342 I artd    : Running profman: /apex/com.android.art/bin/art_exec --drop-capabilities --keep-fds=6:7:8 -- /apex/com.android.art/bin/profman --profile-file-fd=6 --reference-profile-file-fd=7 --apk-fd=8
06-11 18:15:28.567  7340  7342 I artd    : Opened FDs: 6:/data/misc/profiles/cur/0/com.cabeda.Convocados/primary.prof 7:/data/misc/profiles/ref/com.cabeda.Convocados/primary.prof.ZH0sNh.tmp 8:/data/app/~~7g2JPGEqG85GV21L8MsiSQ==/com.cabeda.Convocados-u4vU9wDanOJf9VsqviHakg==/base.apk
06-11 18:15:28.602   659  2773 I Process : Sending signal. PID: 8178 SIG: 9
06-11 18:15:28.642   511   511 E BpTransactionCompletedListener: Failed to transact (-32)
06-11 18:15:28.644   888  1015 D EGL_emulation: app_time_stats: avg=799.26ms min=1.30ms max=7180.22ms count=9
06-11 18:15:28.747  8277  8277 W profman : profman took 165.868ms
06-11 18:15:28.748  7340  7342 I artd    : profman returned code 2
06-11 18:15:28.751  7340  7342 I artd    : Running dex2oat: /apex/com.android.art/bin/art_exec --drop-capabilities --set-task-profile=Dex2OatBootComplete --set-priority=background --keep-fds=6:7:8:9:10:11:12:13:14 -- /apex/com.android.art/bin/dex2oat64 --zip-fd=6 --zip-location=/data/app/~~7g2JPGEqG85GV21L8MsiSQ==/com.cabeda.Convocados-u4vU9wDanOJf9VsqviHakg==/base.apk --oat-fd=7 --oat-location=/data/app/~~7g2JPGEqG85GV21L8MsiSQ==/com.cabeda.Convocados-u4vU9wDanOJf9VsqviHakg==/oat/arm64/base.odex --output-vdex-fd=8 --app-image-fd=9 --image-format=lz4 --swap-fd=10 --class-loader-context-fds=11:12 --class-loader-context=PCL[]{PCL[/system_ext/framework/androidx.window.extensions.jar]#PCL[/system_ext/framework/androidx.window.sidecar.jar]} --classpath-dir=/data/app/~~7g2JPGEqG85GV21L8MsiSQ==/com.cabeda.Convocados-u4vU9wDanOJf9VsqviHakg== --input-vdex-fd=13 --profile-file-fd=14 --instruction-set=arm64 --instruction-set-features=default --instruction-set-variant=generic --compiler-filter=speed-profile --compilation-reason=cmdline --compact-dex-level=none --max-image-block-size=524288 --resolve-startup-const-strings=true --generate-mini-debug-info --runtime-arg -Xtarget-sdk-version:35 --runtime-arg -Xhidden-api-policy:enabled --runtime-arg -Xms64m --runtime-arg -Xmx512m --comments=app-version-name:1.2.0,app-version-code:29686634,art-version:340818082
06-11 18:15:28.751  7340  7342 I artd    : Opened FDs: 6:/data/app/~~7g2JPGEqG85GV21L8MsiSQ==/com.cabeda.Convocados-u4vU9wDanOJf9VsqviHakg==/base.apk 7:/data/app/~~7g2JPGEqG85GV21L8MsiSQ==/com.cabeda.Convocados-u4vU9wDanOJf9VsqviHakg==/oat/arm64/base.odex.713HAF.tmp 8:/data/app/~~7g2JPGEqG85GV21L8MsiSQ==/com.cabeda.Convocados-u4vU9wDanOJf9VsqviHakg==/oat/arm64/base.vdex.4kvLdX.tmp 9:/data/app/~~7g2JPGEqG85GV21L8MsiSQ==/com.cabeda.Convocados-u4vU9wDanOJf9VsqviHakg==/oat/arm64/base.art.z2LIEP.tmp 10:/data/app/~~7g2JPGEqG85GV21L8MsiSQ==/com.cabeda.Convocados-u4vU9wDanOJf9VsqviHakg==/oat/arm64/base.odex.swap.Z9Vwya.tmp 11:/system_ext/framework/androidx.window.sidecar.jar 12:/system_ext/framework/androidx.window.extensions.jar 13:/data/app/~~7g2JPGEqG85GV21L8MsiSQ==/com.cabeda.Convocados-u4vU9wDanOJf9VsqviHakg==/oat/arm64/base.vdex 14:/data/misc/profiles/ref/com.cabeda.Convocados/primary.prof
06-11 18:15:28.805  8278  8278 W dex2oat64: Mismatch between dex2oat instruction set features to use (ISA: Arm64 Feature string: a53,crc,-lse,-fp16,-dotprod,-sve) and those from CPP defines (ISA: Arm64 Feature string: -a53,-crc,-lse,-fp16,-dotprod,-sve) for the command line:
06-11 18:15:28.805  8278  8278 W dex2oat64: /apex/com.android.art/bin/dex2oat64 --zip-fd=6 --zip-location=/data/app/~~7g2JPGEqG85GV21L8MsiSQ==/com.cabeda.Convocados-u4vU9wDanOJf9VsqviHakg==/base.apk --oat-fd=7 --oat-location=/data/app/~~7g2JPGEqG85GV21L8MsiSQ==/com.cabeda.Convocados-u4vU9wDanOJf9VsqviHakg==/oat/arm64/base.odex --output-vdex-fd=8 --app-image-fd=9 --image-format=lz4 --swap-fd=10 --class-loader-context-fds=11:12 --class-loader-context=PCL[]{PCL[/system_ext/framework/androidx.window.extensions.jar]#PCL[/system_ext/framework/androidx.window.sidecar.jar]} --classpath-dir=/data/app/~~7g2JPGEqG85GV21L8MsiSQ==/com.cabeda.Convocados-u4vU9wDanOJf9VsqviHakg== --input-vdex-fd=13 --profile-file-fd=14 --instruction-set=arm64 --instruction-set-features=default --instruction-set-variant=generic --compiler-filter=speed-profile --compilation-reason=cmdline --compact-dex-level=none --max-image-block-size=524288 --resolve-startup-const-strings=true --generate-mini-debug-info --runtime-arg -Xtarget-sdk-version:35 --runtime-arg -Xhidden-api-policy:enabled --runtime-arg -Xms64m --runtime-arg -Xmx512m --comments=app-version-name:1.2.0,app-version-code:29686634,art-version:340818082
06-11 18:15:28.807  8278  8278 I dex2oat64: /apex/com.android.art/bin/dex2oat64 --output-vdex-fd=8 --class-loader-context-fds=11:12 --class-loader-context=PCL[]{PCL[/system_ext/framework/androidx.window.extensions.jar]#PCL[/system_ext/framework/androidx.window.sidecar.jar]} --classpath-dir=/data/app/~~7g2JPGEqG85GV21L8MsiSQ==/com.cabeda.Convocados-u4vU9wDanOJf9VsqviHakg== --input-vdex-fd=13 --profile-file-fd=14 --compiler-filter=speed-profile --compilation-reason=cmdline --compact-dex-level=none --max-image-block-size=524288 --resolve-startup-const-strings=true --generate-mini-debug-info --comments=app-version-name:1.2.0,app-version-code:29686634,art-version:340818082
06-11 18:15:28.840  8278  8278 I dex2oat64: Using CollectorTypeCC GC.
06-11 18:15:28.867  8278  8278 I dex2oat64: Large app, accepted running with swap.
06-11 18:15:29.254  1363  7403 I NetworkScheduler.Stats: (REDACTED) Task %s/%s started execution. cause:%s exec_start_elapsed_seconds: %s
06-11 18:15:29.256  1363  7284 I TapAndPay: deviceSupportsHce has detected emulator [CONTEXT service_id=79 ]
06-11 18:15:29.259  1363  7284 V NFC     : this device does not have NFC support
06-11 18:15:29.259  1363  7284 I TapAndPay: NfcAdapter is null while obtaining CardEmulation instance. [CONTEXT service_id=79 ]
06-11 18:15:29.264  1363  7403 I NetworkScheduler.Stats: (REDACTED) Task %s/%s finished executing. cause:%s result: %s elapsed_millis: %s uptime_millis: %s exec_start_elapsed_seconds: %s
06-11 18:15:29.516  8278  8278 I dex2oat64: Explicit concurrent copying GC freed 122568(18MB) AllocSpace objects, 0(0B) LOS objects, 49% free, 1794KB/3589KB, paused 10us,1us total 3.727ms
06-11 18:15:29.639  8278  8278 I dex2oat64: dex2oat took 835.566ms (1.957s cpu) (threads: 4) arena alloc=5805KB (5944640B) java alloc=1794KB (1837696B) native alloc=8597KB (8803728B) free=10MB (10877680B) swap=16MB (16777216B)
06-11 18:15:29.645  7340  7342 I artd    : dex2oat returned code 0
06-11 18:15:29.649   659  2758 I ArtService: Dexopt result: [packageName = com.cabeda.Convocados] DexContainerFileDexoptResult{dexContainerFile=/data/app/~~7g2JPGEqG85GV21L8MsiSQ==/com.cabeda.Convocados-u4vU9wDanOJf9VsqviHakg==/base.apk, primaryAbi=true, abi=arm64-v8a, actualCompilerFilter=speed-profile, status=PERFORMED, dex2oatWallTimeMillis=897, dex2oatCpuTimeMillis=1970, sizeBytes=64226092, sizeBeforeBytes=64226092}
06-11 18:15:29.670  1603  1940 I MediaProvider: Invalidating LocalCallingIdentity cache for package dev.convocados.baselineprofile. Reason: owned_database_row_deleted:/storage/emulated/0/Android/media/dev.convocados.baselineprofile/temporaryScript3691450970511655450.tmp
06-11 18:15:29.673  1603  1940 I MediaProvider: Deleted 1 0 0 0 0 0 0 items on external_primary due to com.android.shell
06-11 18:15:29.679  1603  1957 W MediaProvider: isAppCloneUserPair for user 0: false
06-11 18:15:29.682  1363  5775 I UriTaskContentObserver: (REDACTED) Throttling content uri change event for %s
06-11 18:15:29.696  7340  7342 I artd    : Running profman: /apex/com.android.art/bin/art_exec --drop-capabilities --keep-fds=6:7 -- /apex/com.android.art/bin/profman --reference-profile-file-fd=6 --apk-fd=7
06-11 18:15:29.696  7340  7342 I artd    : Opened FDs: 6:/data/misc/profiles/ref/com.cabeda.Convocados/primary.prof 7:/data/app/~~7g2JPGEqG85GV21L8MsiSQ==/com.cabeda.Convocados-u4vU9wDanOJf9VsqviHakg==/base.apk
06-11 18:15:29.841  8298  8298 W profman : profman took 134.585ms
06-11 18:15:29.842  7340  7342 I artd    : profman returned code 2
06-11 18:15:29.843  7340  7342 I artd    : Running profman: /apex/com.android.art/bin/art_exec --drop-capabilities --keep-fds=6:7:8:9 -- /apex/com.android.art/bin/profman --profile-file-fd=6 --profile-file-fd=7 --dump-output-to-fd=8 --apk-fd=9 --dump-classes-and-methods
06-11 18:15:29.843  7340  7342 I artd    : Opened FDs: 6:/data/misc/profiles/ref/com.cabeda.Convocados/primary.prof 7:/data/misc/profiles/cur/0/com.cabeda.Convocados/primary.prof 8:/data/misc/profiles/ref/com.cabeda.Convocados/primary.prof.OUtvA0.tmp 9:/data/app/~~7g2JPGEqG85GV21L8MsiSQ==/com.cabeda.Convocados-u4vU9wDanOJf9VsqviHakg==/base.apk
06-11 18:15:29.983  8299  8299 W profman : profman took 133.884ms
06-11 18:15:29.984  7340  7342 I artd    : profman returned code 0
06-11 18:15:29.997  1603  2807 I MediaProvider: Invalidating LocalCallingIdentity cache for package dev.convocados.baselineprofile. Reason: owned_database_row_deleted:/storage/emulated/0/Android/media/dev.convocados.baselineprofile/temporaryScript1689377268999633924.tmp
06-11 18:15:29.999  1603  2807 I MediaProvider: Deleted 1 0 0 0 0 0 0 items on external_primary due to com.android.shell
06-11 18:15:30.004  1603  7957 W MediaProvider: isAppCloneUserPair for user 0: false
06-11 18:15:30.008  1363  5775 I UriTaskContentObserver: (REDACTED) Throttling content uri change event for %s
06-11 18:15:30.044  1603  7957 I MediaProvider: Invalidating LocalCallingIdentity cache for package dev.convocados.baselineprofile. Reason: owned_database_row_deleted:/storage/emulated/0/Android/media/dev.convocados.baselineprofile/temporaryScript4792436038786934200.tmp
06-11 18:15:30.047  1603  7957 I MediaProvider: Deleted 1 0 0 0 0 0 0 items on external_primary due to com.android.shell
06-11 18:15:30.048  1363  5775 I UriTaskContentObserver: (REDACTED) Throttling content uri change event for %s
06-11 18:15:30.061  1603  1940 I MediaProvider: Deleted 0 0 0 0 0 0 0 items on external_primary due to dev.convocados.baselineprofile
06-11 18:15:30.146  7497  7515 D Benchmark: Unstable profiles during iteration 4
06-11 18:15:30.146  7497  7515 D Benchmark: Killing package com.cabeda.Convocados
06-11 18:15:30.146  7497  7515 D Benchmark: Killing process com.cabeda.Convocados
06-11 18:15:30.146  7497  7515 D UiDevice: Executing shell command: am force-stop com.cabeda.Convocados
06-11 18:15:30.157  7497  7515 D Benchmark: Compile iteration (5) for com.cabeda.Convocados
06-11 18:15:30.157  7497  7515 D UiDevice: Pressing home button.
06-11 18:15:30.157  1087  1087 D CarrierSvcBindHelper: onHandleForceStop: [com.cabeda.Convocados]
06-11 18:15:30.157  1087  1087 D CarrierSvcBindHelper: No carrier app for: 0
06-11 18:15:30.189   888  5254 D KeyguardService: setOccluded(false)
06-11 18:15:30.190   888  5254 D KeyguardViewMediator: setOccluded(false)
06-11 18:15:30.190   888   888 D KeyguardViewMediator: handleSetOccluded(false)
06-11 18:15:30.191  1146  1201 D QuickstepModelDelegate: notifyAppTargetEvent action=1 launchLocation=workspace/0/[-1,-1]/[1,1]
06-11 18:15:30.192  1146  1146 D SearchTargetUtil:  query= size=8
06-11 18:15:30.192  1146  1146 D SearchTargetUtil: layoutType=short_icon_row resultType=131072 packageName=com.google.android.googlequicksearchbox extras=Bundle{suggestion_type=36,suggest_truncate_start=false,is_answer=false,is_entity=false,is_personal=true,suggest_raw_text=seguro fidelidade,group_id=web21582,zero_state_cache=[B@d54f786,response_id=04a23412-7c9f-4ee7-afee-9385ac64531b,support_query_builder=true,} searchAction=seguro fidelidade searchActionExtras=Bundle{learn_more_url=https://support.google.com/websearch/?p=delete_recent_history&hl=en,suggestion_action_text=Delete,should_start_for_result=true,allow_pinning=true,skip_logging_in_target_handler=true,suggestion_action_rpc=1,}ParentID: null targetID: 5655b864-db09-4ae2-ba27-fc78012e2e4a
06-11 18:15:30.192  1146  1146 D SearchTargetUtil: layoutType=short_icon_row resultType=131072 packageName=com.google.android.googlequicksearchbox extras=Bundle{suggestion_type=36,suggest_truncate_start=false,is_answer=false,is_entity=false,is_personal=true,suggest_raw_text=https://www.youtube.com/watch?v=eo9ikhhczuq&t=2647s,group_id=web21582,response_id=04a23412-7c9f-4ee7-afee-9385ac64531b,support_query_builder=true,} searchAction=https://www.youtube.com/watch?v=eo9ikhhczuq&t=2647s searchActionExtras=Bundle{learn_more_url=https://support.google.com/websearch/?p=delete_recent_history&hl=en,suggestion_action_text=Delete,should_start_for_result=true,allow_pinning=true,skip_logging_in_target_handler=true,suggestion_action_rpc=1,}ParentID: null targetID: bc65697f-37ff-4147-82df-0d137d16b45e
06-11 18:15:30.192  1146  1146 D SearchTargetUtil: layoutType=short_icon_row resultType=131072 packageName=com.google.android.googlequicksearchbox extras=Bundle{suggestion_type=36,suggest_truncate_start=false,is_answer=false,is_entity=false,is_personal=true,suggest_raw_text=TLDR https://www.youtube.com/watch?v=DWcqbPm_Rn4,group_id=web21582,response_id=04a23412-7c9f-4ee7-afee-9385ac64531b,support_query_builder=true,} searchAction=TLDR https://www.youtube.com/watch?v=DWcqbPm_Rn4 searchActionExtras=Bundle{learn_more_url=https://support.google.com/websearch/?p=delete_recent_history&hl=en,suggestion_action_text=Delete,should_start_for_result=true,allow_pinning=true,skip_logging_in_target_handler=true,suggestion_action_rpc=1,}ParentID: null targetID: ebca70c7-5baa-4fd4-a58c-12f7b0d369bb
06-11 18:15:30.192  1146  1146 D SearchTargetUtil: layoutType=short_icon_row resultType=131072 packageName=com.google.android.googlequicksearchbox extras=Bundle{suggestion_type=36,suggest_truncate_start=false,is_answer=false,is_entity=false,is_personal=true,suggest_raw_text=I want to have my opencode access my emails. What is the best cli?,group_id=web21582,response_id=04a23412-7c9f-4ee7-afee-9385ac64531b,support_query_builder=true,} searchAction=I want to have my opencode access my emails. What is the best cli? searchActionExtras=Bundle{learn_more_url=https://support.google.com/websearch/?p=delete_recent_history&hl=en,suggestion_action_text=Delete,should_start_for_result=true,allow_pinning=true,skip_logging_in_target_handler=true,suggestion_action_rpc=1,}ParentID: null targetID: 044113d2-ff27-433b-a221-4d27ef43bc91
06-11 18:15:30.192  1146  1146 D SearchTargetUtil: layoutType=short_icon_row resultType=131072 packageName=com.google.android.googlequicksearchbox extras=Bundle{suggestion_type=36,suggest_truncate_start=false,is_answer=false,is_entity=false,is_personal=true,suggest_raw_text=What is the best oss alternative to settleup and splitwise?,group_id=web21582,response_id=04a23412-7c9f-4ee7-afee-9385ac64531b,support_query_builder=true,} searchAction=What is the best oss alternative to settleup and splitwise? searchActionExtras=Bundle{learn_more_url=https://support.google.com/websearch/?p=delete_recent_history&hl=en,suggestion_action_text=Delete,should_start_for_result=true,allow_pinning=true,skip_logging_in_target_handler=true,suggestion_action_rpc=1,}ParentID: null targetID: 83b14a64-2ba2-479d-87d8-fafd718e112c
06-11 18:15:30.192  1146  1146 D SearchTargetUtil: layoutType=short_icon_row resultType=131072 packageName=com.google.android.googlequicksearchbox extras=Bundle{suggestion_type=36,suggest_truncate_start=false,is_answer=false,is_entity=false,is_personal=true,suggest_raw_text=TLDR https://www.youtube.com/watch?v=G1xqTjoihfo,group_id=web21582,response_id=04a23412-7c9f-4ee7-afee-9385ac64531b,support_query_builder=true,} searchAction=TLDR https://www.youtube.com/watch?v=G1xqTjoihfo searchActionExtras=Bundle{learn_more_url=https://support.google.com/websearch/?p=delete_recent_history&hl=en,suggestion_action_text=Delete,should_start_for_result=true,allow_pinning=true,skip_logging_in_target_handler=true,suggestion_action_rpc=1,}ParentID: null targetID: 3c1b0569-42b0-448d-a4c7-487a5f77b8de
06-11 18:15:30.192  1146  1146 D SearchTargetUtil: layoutType=short_icon_row resultType=131072 packageName=com.google.android.googlequicksearchbox extras=Bundle{suggestion_type=36,suggest_truncate_start=false,is_answer=false,is_entity=false,is_personal=true,suggest_raw_text=what is the best cli,group_id=web21582,response_id=04a23412-7c9f-4ee7-afee-9385ac64531b,support_query_builder=true,} searchAction=what is the best cli searchActionExtras=Bundle{learn_more_url=https://support.google.com/websearch/?p=delete_recent_history&hl=en,suggestion_action_text=Delete,should_start_for_result=true,allow_pinning=true,skip_logging_in_target_handler=true,suggestion_action_rpc=1,}ParentID: null targetID: 50f1761c-722f-4e66-89c0-144f9c7c470c
06-11 18:15:30.193  1146  1146 D SearchTargetUtil: layoutType=short_icon_row resultType=131072 packageName=com.google.android.googlequicksearchbox extras=Bundle{suggestion_type=36,suggest_truncate_start=false,is_answer=false,is_entity=false,is_personal=true,suggest_raw_text=TLDR https://www.youtube.com/watch?v=-QoNbWhZClM,group_id=web21582,response_id=04a23412-7c9f-4ee7-afee-9385ac64531b,support_query_builder=true,} searchAction=TLDR https://www.youtube.com/watch?v=-QoNbWhZClM searchActionExtras=Bundle{learn_more_url=https://support.google.com/websearch/?p=delete_recent_history&hl=en,suggestion_action_text=Delete,should_start_for_result=true,allow_pinning=true,skip_logging_in_target_handler=true,suggestion_action_rpc=1,}ParentID: null targetID: 8bdd6397-4289-4039-ab37-e96a8bef6965
06-11 18:15:30.193  1605  2000 I AiAiEcho: Predicting[0]:
06-11 18:15:30.193  1605  2000 I AiAiEcho: EchoTargets:
06-11 18:15:30.193  1605  2000 I AiAiEcho: Filtered by AiAi flag check:
06-11 18:15:30.193  1605  2000 I AiAiEcho: Ranked targets strategy: SORT, count: 0, ranking metadata:
06-11 18:15:30.194  1605  2000 I AiAiEcho: #postPredictionTargets: Sending updates to UISurface home with targets# 0 (types=[])
06-11 18:15:30.205   888   888 I vol.VolumeDialogImpl: mDialog.dismiss() reason: volume_controller from: com.android.systemui.volume.VolumeDialogImpl$7.onDismissRequested:3
06-11 18:15:30.205   888   888 I vol.VolumeDialogImpl: mDialog.dismiss() reason: volume_controller from: com.android.systemui.volume.VolumeDialogImpl$7.onDismissRequested:3
06-11 18:15:30.205   888   888 D vol.VolumeDialogImpl: dismissH: skipping dismiss because isAnimatingDismiss is true and showingStateInconsistent is false
06-11 18:15:31.204  7497  7515 W InteractionController: Timed out waiting 1000ms for command and events.
06-11 18:15:31.213  7497  7515 D Benchmark: Starting activity with command: am start  -W "intent:#Intent;action=android.intent.action.MAIN;category=android.intent.category.LAUNCHER;launchFlags=0x10008000;package=com.cabeda.Convocados;component=com.cabeda.Convocados/dev.convocados.MainActivity;end"
06-11 18:15:31.216  1603  1957 W MediaProvider: isAppCloneUserPair for user 0: false
06-11 18:15:31.246   476   476 D Zygote  : Forked child process 8334
06-11 18:15:31.252   511   511 I BpBinder: onLastStrongRef automatically unlinking death recipients:
06-11 18:15:31.268   888  1015 E OpenGLRenderer: Unable to match the desired swap behavior.
06-11 18:15:31.292  8334  8334 I beda.Convocados: Using CollectorTypeCC GC.
06-11 18:15:31.331   518   537 I adbd    : jdwp connection from 8334
06-11 18:15:31.339  8334  8334 D CompatibilityChangeReporter: Compat change id reported: 171979766; UID 10194; state: ENABLED
06-11 18:15:31.339  8334  8334 D CompatibilityChangeReporter: Compat change id reported: 242716250; UID 10194; state: ENABLED
06-11 18:15:31.340  2306  2306 I bynm    : onPause
06-11 18:15:31.340  2306  2306 W dolk    : measuring already stopped.
06-11 18:15:31.342  1146  1997 D EGL_emulation: app_time_stats: avg=494.90ms min=17.37ms max=2796.85ms count=6
06-11 18:15:31.348   888  1015 D EGL_emulation: app_time_stats: avg=326.17ms min=0.58ms max=2543.83ms count=8
06-11 18:15:31.359  8334  8334 D ApplicationLoaders: Returning zygote-cached class loader: /system_ext/framework/androidx.window.extensions.jar
06-11 18:15:31.359  8334  8334 D ApplicationLoaders: Returning zygote-cached class loader: /system_ext/framework/androidx.window.sidecar.jar
06-11 18:15:31.372  8334  8334 D nativeloader: Configuring clns-6 for other apk /data/app/~~7g2JPGEqG85GV21L8MsiSQ==/com.cabeda.Convocados-u4vU9wDanOJf9VsqviHakg==/base.apk. target_sdk_version=35, uses_libraries=, library_path=/data/app/~~7g2JPGEqG85GV21L8MsiSQ==/com.cabeda.Convocados-u4vU9wDanOJf9VsqviHakg==/lib/arm64:/data/app/~~7g2JPGEqG85GV21L8MsiSQ==/com.cabeda.Convocados-u4vU9wDanOJf9VsqviHakg==/base.apk!/lib/arm64-v8a, permitted_path=/data:/mnt/expand:/data/user/0/com.cabeda.Convocados
06-11 18:15:31.396  8334  8334 V GraphicsEnvironment: Currently set values for:
06-11 18:15:31.396  8334  8334 V GraphicsEnvironment:   angle_gl_driver_selection_pkgs=[]
06-11 18:15:31.397  8334  8334 V GraphicsEnvironment:   angle_gl_driver_selection_values=[]
06-11 18:15:31.397  8334  8334 V GraphicsEnvironment: ANGLE GameManagerService for com.cabeda.Convocados: false
06-11 18:15:31.397  8334  8334 V GraphicsEnvironment: com.cabeda.Convocados is not listed in per-application setting
06-11 18:15:31.397  8334  8334 V GraphicsEnvironment: Neither updatable production driver nor prerelease driver is supported.
06-11 18:15:31.425  8334  8334 D CompatibilityChangeReporter: Compat change id reported: 183155436; UID 10194; state: ENABLED
06-11 18:15:31.425  8334  8334 I FirebaseApp: Device unlocked: initializing all Firebase APIs for app [DEFAULT]
06-11 18:15:31.438  8334  8334 I FirebaseInitProvider: FirebaseApp initialization successful
06-11 18:15:31.491  8334  8334 D AppCompatDelegate: Checking for metadata for AppLocalesMetadataHolderService : Service not found
06-11 18:15:31.557  8334  8365 D libEGL  : loaded /vendor/lib64/egl/libEGL_emulation.so
06-11 18:15:31.558  8334  8365 D libEGL  : loaded /vendor/lib64/egl/libGLESv1_CM_emulation.so
06-11 18:15:31.562  8334  8365 D libEGL  : loaded /vendor/lib64/egl/libGLESv2_emulation.so
06-11 18:15:31.613  8334  8334 D CompatibilityChangeReporter: Compat change id reported: 237531167; UID 10194; state: DISABLED
06-11 18:15:31.617  8334  8334 W OpenGLRenderer: Unknown dataspace 0
06-11 18:15:31.634   888   906 W System  : A resource failed to call release.
06-11 18:15:31.634   888   906 W System  : A resource failed to call release.
06-11 18:15:31.663  8334  8334 W System.err: SLF4J(W): No SLF4J providers were found.
06-11 18:15:31.663  8334  8334 W System.err: SLF4J(W): Defaulting to no-operation (NOP) logger implementation
06-11 18:15:31.663  8334  8334 W System.err: SLF4J(W): See https://www.slf4j.org/codes.html#noProviders for further details.
06-11 18:15:31.668  8334  8334 D WM-PackageManagerHelper: Skipping component enablement for androidx.work.impl.background.systemjob.SystemJobService
06-11 18:15:31.668  8334  8334 D WM-Schedulers: Created SystemJobScheduler and enabled SystemJobService
06-11 18:15:31.669  8334  8371 D WM-ForceStopRunnable: The default process name was not specified.
06-11 18:15:31.669  8334  8371 D WM-ForceStopRunnable: Performing cleanup operations.
06-11 18:15:31.689  8334  8371 D CompatibilityChangeReporter: Compat change id reported: 160794467; UID 10194; state: ENABLED
06-11 18:15:31.689  8334  8371 D WM-ForceStopRunnable: Application was force-stopped, rescheduling.
06-11 18:15:31.692  8334  8373 D WM-PackageManagerHelper: Skipping component enablement for androidx.work.impl.background.systemalarm.RescheduleReceiver
06-11 18:15:31.708  8334  8359 W OpenGLRenderer: Failed to choose config with EGL_SWAP_BEHAVIOR_PRESERVED, retrying without...
06-11 18:15:31.709  8334  8359 W OpenGLRenderer: Failed to initialize 101010-2 format, error = EGL_SUCCESS
06-11 18:15:31.716   888  1015 D EGL_emulation: app_time_stats: avg=3020.64ms min=32.84ms max=8928.44ms count=3
06-11 18:15:31.733   157   157 I hwservicemanager: getTransport: Cannot find entry android.hardware.graphics.mapper@4.0::IMapper/default in either framework or device VINTF manifest.
06-11 18:15:31.733  8334  8359 I Gralloc4: mapper 4.x is not supported
06-11 18:15:31.747  8334  8359 E OpenGLRenderer: Unable to match the desired swap behavior.
06-11 18:15:31.771   659   675 I ActivityTaskManager: Displayed com.cabeda.Convocados/dev.convocados.MainActivity for user 0: +537ms
06-11 18:15:31.783  2306  2306 I bynm    : onStop
06-11 18:15:31.784  1146  2276 D OneSearchSuggestProvider: Shut down the binder channel
06-11 18:15:31.785  1146  1200 I ImeTracker: com.google.android.apps.nexuslauncher:3f6f78ea: onRequestHide at ORIGIN_CLIENT_HIDE_SOFT_INPUT reason HIDE_SOFT_INPUT
06-11 18:15:31.785   659  2773 I ImeTracker: com.google.android.apps.nexuslauncher:3f6f78ea: onCancelled at PHASE_SERVER_SHOULD_HIDE
06-11 18:15:31.834  1603  2807 I MediaProvider: Invalidating LocalCallingIdentity cache for package dev.convocados.baselineprofile. Reason: owned_database_row_deleted:/storage/emulated/0/Android/media/dev.convocados.baselineprofile/temporaryScript5719302518595824152.tmp
06-11 18:15:31.834  1603  2807 I MediaProvider: uid=10195 packageName=dev.convocados.baselineprofile deletedFilesCountBypassingDatabase=1
06-11 18:15:31.838  1603  2807 I MediaProvider: Deleted 1 0 0 0 0 0 0 items on external_primary due to com.android.shell
06-11 18:15:31.843  7497  7515 D Benchmark: Result: Starting: Intent { act=android.intent.action.MAIN cat=[android.intent.category.LAUNCHER] flg=0x10008000 pkg=com.cabeda.Convocados cmp=com.cabeda.Convocados/dev.convocados.MainActivity }
06-11 18:15:31.843  7497  7515 D Benchmark: Status: ok
06-11 18:15:31.843  7497  7515 D Benchmark: LaunchState: COLD
06-11 18:15:31.843  7497  7515 D Benchmark: Activity: com.cabeda.Convocados/dev.convocados.MainActivity
06-11 18:15:31.843  7497  7515 D Benchmark: TotalTime: 537
06-11 18:15:31.843  7497  7515 D Benchmark: WaitTime: 550
06-11 18:15:31.843  7497  7515 D Benchmark: Complete
06-11 18:15:31.873   659  2773 I ImeTracker: com.cabeda.Convocados:bf9bdf31: onRequestHide at ORIGIN_SERVER_HIDE_INPUT reason HIDE_UNSPECIFIED_WINDOW
06-11 18:15:31.873   659  2773 I ImeTracker: com.cabeda.Convocados:bf9bdf31: onCancelled at PHASE_SERVER_SHOULD_HIDE
06-11 18:15:31.875  1484  1484 I GoogleInputMethodService: GoogleInputMethodService.onFinishInput():2259
06-11 18:15:31.876  1484  1484 I Module  : DeviceLockedStatusModuleProvider$Module.updateDeviceLockedStatusInternal():127 repeatCheckTimes = 0, locked = false
06-11 18:15:31.877  1603  1957 W MediaProvider: isAppCloneUserPair for user 0: false
06-11 18:15:31.877  1484  1484 I GoogleInputMethodService: GoogleInputMethodService.onStartInput():1446 onStartInput(EditorInfo{EditorInfo{packageName=com.cabeda.Convocados, inputType=0, inputTypeString=NULL, enableLearning=false, autoCorrection=false, autoComplete=false, imeOptions=0, privateImeOptions=null, actionName=UNSPECIFIED, actionLabel=null, initialSelStart=-1, initialSelEnd=-1, initialCapsMode=0, label=null, fieldId=0, fieldName=null, extras=null, hintText=null, hintLocales=[]}}, false)
06-11 18:15:31.877  1484  1484 W AndroidIME: LatinIMEBase.updateInputViewCoverNavigation():326 Null input view, cannot update padding!
06-11 18:15:31.877  1484  1484 I Module  : DeviceLockedStatusModuleProvider$Module.updateDeviceLockedStatusInternal():127 repeatCheckTimes = 1, locked = false
06-11 18:15:31.878  1363  5775 I UriTaskContentObserver: (REDACTED) Throttling content uri change event for %s
06-11 18:15:31.879  1484  1484 I DynamicLanguageSetterModule: DynamicLanguageSetterModule.createTemporaryEnableTask():503 Enable temporary entries: [en], and current entry: null
06-11 18:15:31.879  1484  1484 I InputMethodEntryManager: InputMethodEntryManager.enableLanguagesAndChangeCurrentTemporarily():1851 enabledLanguages: [en-Latn-US], specifiedCurrentLanguage null
06-11 18:15:31.879  1484  1484 I InputMethodEntryManager: InputMethodEntryManager.enableInputMethodEntriesTemporarily():2077 temporarilyEnabledEntryTuples []
06-11 18:15:31.880  1484  1484 I InputMethodEntryManager: InputMethodEntryManager.enableLanguagesAndChangeCurrentTemporarily():1887 Update temporary current entry(en-US, qwerty)
06-11 18:15:31.940  1923  2217 I ForwardSyncCache: reclaimMemory: Clearing caches
06-11 18:15:31.940  1923  2217 I BugleSpam: HadesBitmapStore: Purged 0 images during memory reclamation
06-11 18:15:31.940  1923  2217 I BugleRestore: reclaimMemory: Clearing persistent caches
06-11 18:15:31.941  1923  2217 W Bugle   : TextClassifierLibManagerImpl: Reclaiming memory at level: 40
06-11 18:15:31.943  1603  1940 I MediaProvider: Invalidating LocalCallingIdentity cache for package dev.convocados.baselineprofile. Reason: owned_database_row_deleted:/storage/emulated/0/Android/media/dev.convocados.baselineprofile/temporaryScript4919269858218468171.tmp
06-11 18:15:31.944  1603  1940 I MediaProvider: Deleted 1 0 0 0 0 0 0 items on external_primary due to com.android.shell
06-11 18:15:31.951  7497  7515 I System.out: 0 Flags,FrameTimelineVsyncId,IntendedVsync,Vsync,InputEventId,HandleInputStart,AnimationStart,PerformTraversalsStart,DrawStart,FrameDeadline,FrameInterval,FrameStartTime,SyncQueued,SyncStart,IssueDrawCommandsStart,SwapBuffers,FrameCompleted,DequeueBufferDuration,QueueBufferDuration,GpuCompleted,SwapBuffersCompleted,DisplayPresentTime,CommandSubmissionCompleted,
06-11 18:15:31.951  7497  7515 I System.out: 1 1,89111,285174079532,285357412858,0,285361298135,285361298301,285361311051,285469508426,285190746198,285360886718,16666666,285470296385,285470554301,285470923926,285486901176,285491186510,1000,99583,285491186510,285487560010,0,285486901176,
06-11 18:15:31.951  7497  7515 I System.out: 2 0,89513,285607412848,285607412848,0,285607893885,285607894176,285608921468,285608940926,285624079514,285607891385,16666666,285609113051,285613132343,285613193093,285643666260,0,1792,641875,144115222452437075,285645370343,0,285643666260,
06-11 18:15:32.118  1363  1389 I FontLog : (REDACTED) Received query %s, URI %s
06-11 18:15:32.118  1363  1389 I FontLog : (REDACTED) Query [%s] resolved to %s
06-11 18:15:32.122  1363  1389 I FontLog : (REDACTED) Fetch %s end status %s
06-11 18:15:32.129  1363  1389 I FontLog : (REDACTED) Pulling font file for id = %d, cache size = %d
06-11 18:15:32.135  1363  1389 I FontLog : (REDACTED) Pulling font file for id = %d, cache size = %d
06-11 18:15:32.199   888   888 D StatusBarIconController: ignoring old pipeline callbacks, because the new mobile icons are enabled
06-11 18:15:32.222   659  2773 W InputManager-JNI: Input channel object '96f7a4b Splash Screen com.cabeda.Convocados (client)' was disposed without first being removed with the input manager!
06-11 18:15:32.414   888  1015 D EGL_emulation: app_time_stats: avg=74.71ms min=1.70ms max=343.99ms count=13
06-11 18:15:32.700  7497  7515 D UiDevice: Retrieving node with selector: BySelector [SCROLLABLE='true'].
06-11 18:15:32.733   888  1015 D EGL_emulation: app_time_stats: avg=15.59ms min=0.41ms max=93.69ms count=45
06-11 18:15:32.765  7497  7515 D UiDevice: Node not found with selector: BySelector [SCROLLABLE='true'].
06-11 18:15:32.929  1363  2210 W Settings: Setting airplane_mode_on has moved from android.provider.Settings.System to android.provider.Settings.Global, returning read-only value.
06-11 18:15:32.933  1363  7403 W SystemServiceRegistry: No service published for: wifirtt
06-11 18:15:33.303  7497  7515 D Benchmark: Flushing ART profiles for com.cabeda.Convocados
06-11 18:15:33.496  1363  2210 I ActivityScheduler: nextTriggerTime: 525317, in 238100ms, detectorType: 39, FULL_TYPE alarmWindowMillis: 80000
06-11 18:15:33.496  1363  2210 W AlarmManager: alarm window unlikely to be respected [CONTEXT service_id=231 ]
06-11 18:15:33.496  1363  2210 W AlarmManager: java.lang.IllegalArgumentException: alarm "NetworkLocationActivityDetection" has short window length
06-11 18:15:33.496  1363  2210 W AlarmManager: 	at cxuu.c(:com.google.android.gms@262231029@26.22.31 (190400-927316460):32)
06-11 18:15:33.496  1363  2210 W AlarmManager: 	at cxut.c(:com.google.android.gms@262231029@26.22.31 (190400-927316460):18)
06-11 18:15:33.496  1363  2210 W AlarmManager: 	at gtsh.b(:com.google.android.gms@262231029@26.22.31 (190400-927316460):139)
06-11 18:15:33.496  1363  2210 W AlarmManager: 	at grro.v(:com.google.android.gms@262231029@26.22.31 (190400-927316460):61)
06-11 18:15:33.496  1363  2210 W AlarmManager: 	at grtg.q(:com.google.android.gms@262231029@26.22.31 (190400-927316460):136)
06-11 18:15:33.496  1363  2210 W AlarmManager: 	at grtg.u(:com.google.android.gms@262231029@26.22.31 (190400-927316460):107)
06-11 18:15:33.496  1363  2210 W AlarmManager: 	at grtm.L(:com.google.android.gms@262231029@26.22.31 (190400-927316460):74)
06-11 18:15:33.496  1363  2210 W AlarmManager: 	at grsr.q(:com.google.android.gms@262231029@26.22.31 (190400-927316460):17)
06-11 18:15:33.496  1363  2210 W AlarmManager: 	at grsh.b(:com.google.android.gms@262231029@26.22.31 (190400-927316460):28)
06-11 18:15:33.496  1363  2210 W AlarmManager: 	at grrk.m(:com.google.android.gms@262231029@26.22.31 (190400-927316460):194)
06-11 18:15:33.496  1363  2210 W AlarmManager: 	at grri.k(:com.google.android.gms@262231029@26.22.31 (190400-927316460):56)
06-11 18:15:33.496  1363  2210 W AlarmManager: 	at gsiw.run(:com.google.android.gms@262231029@26.22.31 (190400-927316460):7)
06-11 18:15:33.496  1363  2210 W AlarmManager: 	at android.os.Handler.handleCallback(Handler.java:958)
06-11 18:15:33.496  1363  2210 W AlarmManager: 	at android.os.Handler.dispatchMessage(Handler.java:99)
06-11 18:15:33.496  1363  2210 W AlarmManager: 	at czps.mS(:com.google.android.gms@262231029@26.22.31 (190400-927316460):1)
06-11 18:15:33.496  1363  2210 W AlarmManager: 	at czps.dispatchMessage(:com.google.android.gms@262231029@26.22.31 (190400-927316460):148)
06-11 18:15:33.496  1363  2210 W AlarmManager: 	at android.os.Looper.loopOnce(Looper.java:205)
06-11 18:15:33.496  1363  2210 W AlarmManager: 	at android.os.Looper.loop(Looper.java:294)
06-11 18:15:33.496  1363  2210 W AlarmManager: 	at android.os.HandlerThread.run(HandlerThread.java:67)
06-11 18:15:33.771   659  2758 D WifiNl80211Manager: Scan result ready event
06-11 18:15:33.771   659  2758 D WifiNative: Scan result ready event
06-11 18:15:33.780  1363  2210 I ActivityScheduler: nextTriggerTime: 525317, in 237815ms, detectorType: 39, FULL_TYPE alarmWindowMillis: 80000
06-11 18:15:37.503  8334  8409 D ProfileInstaller: Skipping profile installation for com.cabeda.Convocados
06-11 18:15:38.303  7497  7515 D Benchmark: Profile Installer - Save Profile
06-11 18:15:38.311   659   866 I ActivityManager: Broadcasting: Intent { act=androidx.profileinstaller.action.SAVE_PROFILE flg=0x400000 cmp=com.cabeda.Convocados/androidx.profileinstaller.ProfileInstallReceiver }
06-11 18:15:38.312  8334  8334 I Process : Sending signal. PID: 8334 SIG: 10
06-11 18:15:38.312  8334  8334 D ProfileInstaller:
06-11 18:15:38.312  8334  8340 I beda.Convocados: Thread[5,tid=8340,WaitingInMainSignalCatcherLoop,Thread*=0xb400006f039d8f50,peer=0x12d80278,"Signal Catcher"]: reacting to signal 10
06-11 18:15:38.312  8334  8340 I beda.Convocados:
06-11 18:15:38.312  8334  8340 I beda.Convocados: SIGUSR1 forcing GC (no HPROF) and profile save
06-11 18:15:38.312   659   675 I ActivityManager: Broadcast completed: result=12
06-11 18:15:38.318  8334  8340 I beda.Convocados: Explicit concurrent copying GC freed 66902(2849KB) AllocSpace objects, 22(632KB) LOS objects, 49% free, 3156KB/6313KB, paused 12us,5us total 5.292ms
06-11 18:15:39.314  7497  7515 D Benchmark: Killing process com.cabeda.Convocados
06-11 18:15:39.314  7497  7515 D UiDevice: Executing shell command: am force-stop com.cabeda.Convocados
06-11 18:15:39.330  1146  1201 D QuickstepModelDelegate: notifyAppTargetEvent action=1 launchLocation=workspace/0/[-1,-1]/[1,1]
06-11 18:15:39.330  2306  2306 I bynm    : onStart
06-11 18:15:39.331  2306  2306 I bwgw    : (REDACTED) [%s] onStart()
06-11 18:15:39.331  2306  2306 I bwjj    : Reloading theme data
06-11 18:15:39.332  2306  2306 E NetworkErrorMessage: (REDACTED) Invalid connectivity state: %s
06-11 18:15:39.332  2306  2306 I bynm    : onResume
06-11 18:15:39.332  2306  2306 W dolk    : missing event name
06-11 18:15:39.333  1605  2000 I AiAiEcho: Predicting[0]:
06-11 18:15:39.333  1605  2000 I AiAiEcho: EchoTargets:
06-11 18:15:39.333  1605  2000 I AiAiEcho: Filtered by AiAi flag check:
06-11 18:15:39.333  1605  2000 I AiAiEcho: Ranked targets strategy: SORT, count: 0, ranking metadata:
06-11 18:15:39.333  1605  2000 I AiAiEcho: #postPredictionTargets: Sending updates to UISurface home with targets# 0 (types=[])
06-11 18:15:39.336   511   511 I BpBinder: onLastStrongRef automatically unlinking death recipients:
06-11 18:15:39.336   476   476 I Zygote  : Process 8334 exited due to signal 9 (Killed)
06-11 18:15:39.337  1087  1087 D CarrierSvcBindHelper: onHandleForceStop: [com.cabeda.Convocados]
06-11 18:15:39.337   659  1743 W InputManager-JNI: Input channel object 'e424170 com.cabeda.Convocados/dev.convocados.MainActivity (client)' was disposed without first being removed with the input manager!
06-11 18:15:39.338  1087  1087 D CarrierSvcBindHelper: No carrier app for: 0
06-11 18:15:39.342   659  1740 I ImeTracker: com.cabeda.Convocados:a6d3de57: onRequestHide at ORIGIN_SERVER_HIDE_INPUT reason HIDE_REMOVE_CLIENT
06-11 18:15:39.342   659  1740 I ImeTracker: com.cabeda.Convocados:a6d3de57: onCancelled at PHASE_SERVER_SHOULD_HIDE
06-11 18:15:39.348  2306  2708 E OpenGLRenderer: Unable to match the desired swap behavior.
06-11 18:15:39.361  1603  2807 W MediaProvider: isAppCloneUserPair for user 0: false
06-11 18:15:39.366  1146  1997 E OpenGLRenderer: Unable to match the desired swap behavior.
06-11 18:15:39.389  1146  1146 D SearchTargetUtil:  query= size=8
06-11 18:15:39.389  1146  1146 D SearchTargetUtil: layoutType=short_icon_row resultType=131072 packageName=com.google.android.googlequicksearchbox extras=Bundle{suggestion_type=36,suggest_truncate_start=false,is_answer=false,is_entity=false,is_personal=true,suggest_raw_text=seguro fidelidade,group_id=web21582,zero_state_cache=[B@e5152f8,response_id=04a23412-7c9f-4ee7-afee-9385ac64531b,support_query_builder=true,} searchAction=seguro fidelidade searchActionExtras=Bundle{learn_more_url=https://support.google.com/websearch/?p=delete_recent_history&hl=en,suggestion_action_text=Delete,should_start_for_result=true,allow_pinning=true,skip_logging_in_target_handler=true,suggestion_action_rpc=1,}ParentID: null targetID: 5655b864-db09-4ae2-ba27-fc78012e2e4a
06-11 18:15:39.389  1146  1146 D SearchTargetUtil: layoutType=short_icon_row resultType=131072 packageName=com.google.android.googlequicksearchbox extras=Bundle{suggestion_type=36,suggest_truncate_start=false,is_answer=false,is_entity=false,is_personal=true,suggest_raw_text=https://www.youtube.com/watch?v=eo9ikhhczuq&t=2647s,group_id=web21582,response_id=04a23412-7c9f-4ee7-afee-9385ac64531b,support_query_builder=true,} searchAction=https://www.youtube.com/watch?v=eo9ikhhczuq&t=2647s searchActionExtras=Bundle{learn_more_url=https://support.google.com/websearch/?p=delete_recent_history&hl=en,suggestion_action_text=Delete,should_start_for_result=true,allow_pinning=true,skip_logging_in_target_handler=true,suggestion_action_rpc=1,}ParentID: null targetID: bc65697f-37ff-4147-82df-0d137d16b45e
06-11 18:15:39.389  1146  1146 D SearchTargetUtil: layoutType=short_icon_row resultType=131072 packageName=com.google.android.googlequicksearchbox extras=Bundle{suggestion_type=36,suggest_truncate_start=false,is_answer=false,is_entity=false,is_personal=true,suggest_raw_text=TLDR https://www.youtube.com/watch?v=DWcqbPm_Rn4,group_id=web21582,response_id=04a23412-7c9f-4ee7-afee-9385ac64531b,support_query_builder=true,} searchAction=TLDR https://www.youtube.com/watch?v=DWcqbPm_Rn4 searchActionExtras=Bundle{learn_more_url=https://support.google.com/websearch/?p=delete_recent_history&hl=en,suggestion_action_text=Delete,should_start_for_result=true,allow_pinning=true,skip_logging_in_target_handler=true,suggestion_action_rpc=1,}ParentID: null targetID: ebca70c7-5baa-4fd4-a58c-12f7b0d369bb
06-11 18:15:39.389  1146  1146 D SearchTargetUtil: layoutType=short_icon_row resultType=131072 packageName=com.google.android.googlequicksearchbox extras=Bundle{suggestion_type=36,suggest_truncate_start=false,is_answer=false,is_entity=false,is_personal=true,suggest_raw_text=I want to have my opencode access my emails. What is the best cli?,group_id=web21582,response_id=04a23412-7c9f-4ee7-afee-9385ac64531b,support_query_builder=true,} searchAction=I want to have my opencode access my emails. What is the best cli? searchActionExtras=Bundle{learn_more_url=https://support.google.com/websearch/?p=delete_recent_history&hl=en,suggestion_action_text=Delete,should_start_for_result=true,allow_pinning=true,skip_logging_in_target_handler=true,suggestion_action_rpc=1,}ParentID: null targetID: 044113d2-ff27-433b-a221-4d27ef43bc91
06-11 18:15:39.389  1146  1146 D SearchTargetUtil: layoutType=short_icon_row resultType=131072 packageName=com.google.android.googlequicksearchbox extras=Bundle{suggestion_type=36,suggest_truncate_start=false,is_answer=false,is_entity=false,is_personal=true,suggest_raw_text=What is the best oss alternative to settleup and splitwise?,group_id=web21582,response_id=04a23412-7c9f-4ee7-afee-9385ac64531b,support_query_builder=true,} searchAction=What is the best oss alternative to settleup and splitwise? searchActionExtras=Bundle{learn_more_url=https://support.google.com/websearch/?p=delete_recent_history&hl=en,suggestion_action_text=Delete,should_start_for_result=true,allow_pinning=true,skip_logging_in_target_handler=true,suggestion_action_rpc=1,}ParentID: null targetID: 83b14a64-2ba2-479d-87d8-fafd718e112c
06-11 18:15:39.389  1146  1146 D SearchTargetUtil: layoutType=short_icon_row resultType=131072 packageName=com.google.android.googlequicksearchbox extras=Bundle{suggestion_type=36,suggest_truncate_start=false,is_answer=false,is_entity=false,is_personal=true,suggest_raw_text=TLDR https://www.youtube.com/watch?v=G1xqTjoihfo,group_id=web21582,response_id=04a23412-7c9f-4ee7-afee-9385ac64531b,support_query_builder=true,} searchAction=TLDR https://www.youtube.com/watch?v=G1xqTjoihfo searchActionExtras=Bundle{learn_more_url=https://support.google.com/websearch/?p=delete_recent_history&hl=en,suggestion_action_text=Delete,should_start_for_result=true,allow_pinning=true,skip_logging_in_target_handler=true,suggestion_action_rpc=1,}ParentID: null targetID: 3c1b0569-42b0-448d-a4c7-487a5f77b8de
06-11 18:15:39.389  1146  1146 D SearchTargetUtil: layoutType=short_icon_row resultType=131072 packageName=com.google.android.googlequicksearchbox extras=Bundle{suggestion_type=36,suggest_truncate_start=false,is_answer=false,is_entity=false,is_personal=true,suggest_raw_text=what is the best cli,group_id=web21582,response_id=04a23412-7c9f-4ee7-afee-9385ac64531b,support_query_builder=true,} searchAction=what is the best cli searchActionExtras=Bundle{learn_more_url=https://support.google.com/websearch/?p=delete_recent_history&hl=en,suggestion_action_text=Delete,should_start_for_result=true,allow_pinning=true,skip_logging_in_target_handler=true,suggestion_action_rpc=1,}ParentID: null targetID: 50f1761c-722f-4e66-89c0-144f9c7c470c
06-11 18:15:39.389  1146  1146 D SearchTargetUtil: layoutType=short_icon_row resultType=131072 packageName=com.google.android.googlequicksearchbox extras=Bundle{suggestion_type=36,suggest_truncate_start=false,is_answer=false,is_entity=false,is_personal=true,suggest_raw_text=TLDR https://www.youtube.com/watch?v=-QoNbWhZClM,group_id=web21582,response_id=04a23412-7c9f-4ee7-afee-9385ac64531b,support_query_builder=true,} searchAction=TLDR https://www.youtube.com/watch?v=-QoNbWhZClM searchActionExtras=Bundle{learn_more_url=https://support.google.com/websearch/?p=delete_recent_history&hl=en,suggestion_action_text=Delete,should_start_for_result=true,allow_pinning=true,skip_logging_in_target_handler=true,suggestion_action_rpc=1,}ParentID: null targetID: 8bdd6397-4289-4039-ab37-e96a8bef6965
06-11 18:15:39.411  7340  7342 I artd    : Running profman: /apex/com.android.art/bin/art_exec --drop-capabilities --keep-fds=6:7 -- /apex/com.android.art/bin/profman --reference-profile-file-fd=6 --apk-fd=7
06-11 18:15:39.411  7340  7342 I artd    : Opened FDs: 6:/data/misc/profiles/ref/com.cabeda.Convocados/primary.prof 7:/data/app/~~7g2JPGEqG85GV21L8MsiSQ==/com.cabeda.Convocados-u4vU9wDanOJf9VsqviHakg==/base.apk
06-11 18:15:39.425   659  2757 I ImeTracker: com.google.android.apps.nexuslauncher:9aee3e5d: onRequestHide at ORIGIN_SERVER_HIDE_INPUT reason HIDE_UNSPECIFIED_WINDOW
06-11 18:15:39.426   659  2757 I ImeTracker: com.google.android.apps.nexuslauncher:9aee3e5d: onCancelled at PHASE_SERVER_SHOULD_HIDE
06-11 18:15:39.427  1484  1484 I GoogleInputMethodService: GoogleInputMethodService.onFinishInput():2259
06-11 18:15:39.427  1484  1484 I Module  : DeviceLockedStatusModuleProvider$Module.updateDeviceLockedStatusInternal():127 repeatCheckTimes = 0, locked = false
06-11 18:15:39.427  1484  1484 I GoogleInputMethodService: GoogleInputMethodService.onStartInput():1446 onStartInput(EditorInfo{EditorInfo{packageName=com.google.android.apps.nexuslauncher, inputType=0, inputTypeString=NULL, enableLearning=false, autoCorrection=false, autoComplete=false, imeOptions=0, privateImeOptions=null, actionName=UNSPECIFIED, actionLabel=null, initialSelStart=-1, initialSelEnd=-1, initialCapsMode=0, label=null, fieldId=0, fieldName=null, extras=null, hintText=null, hintLocales=[]}}, false)
06-11 18:15:39.427  1484  1484 W AndroidIME: LatinIMEBase.updateInputViewCoverNavigation():326 Null input view, cannot update padding!
06-11 18:15:39.428  1484  1484 I Module  : DeviceLockedStatusModuleProvider$Module.updateDeviceLockedStatusInternal():127 repeatCheckTimes = 1, locked = false
06-11 18:15:39.429  1484  1484 I InputMethodEntryManager: InputMethodEntryManager.clearTemporarilyEnabledLanguages():2118 temporarilyEnabledEntryTuples []
06-11 18:15:39.572  8432  8432 W profman : profman took 151.239ms
06-11 18:15:39.577  7340  7342 I artd    : profman returned code 2
06-11 18:15:39.648  7340  7342 I artd    : Running profman: /apex/com.android.art/bin/art_exec --drop-capabilities --keep-fds=6:7:8 -- /apex/com.android.art/bin/profman --profile-file-fd=6 --reference-profile-file-fd=7 --apk-fd=8
06-11 18:15:39.648  7340  7342 I artd    : Opened FDs: 6:/data/misc/profiles/cur/0/com.cabeda.Convocados/primary.prof 7:/data/misc/profiles/ref/com.cabeda.Convocados/primary.prof.KJGwuH.tmp 8:/data/app/~~7g2JPGEqG85GV21L8MsiSQ==/com.cabeda.Convocados-u4vU9wDanOJf9VsqviHakg==/base.apk
06-11 18:15:39.663   659  2614 I Process : Sending signal. PID: 8334 SIG: 9
06-11 18:15:39.696   511   511 E BpTransactionCompletedListener: Failed to transact (-32)
06-11 18:15:39.711   888  1015 D EGL_emulation: app_time_stats: avg=717.65ms min=0.86ms max=7131.60ms count=10
06-11 18:15:39.807  8433  8433 W profman : profman took 146.080ms
06-11 18:15:39.807  7340  7342 I artd    : profman returned code 2
06-11 18:15:39.822   888   888 D StatusBarIconController: ignoring old pipeline callback because the new wifi icon is enabled
06-11 18:15:39.825  7340  7342 I artd    : Running dex2oat: /apex/com.android.art/bin/art_exec --drop-capabilities --set-task-profile=Dex2OatBootComplete --set-priority=background --keep-fds=6:7:8:9:10:11:12:13:14 -- /apex/com.android.art/bin/dex2oat64 --zip-fd=6 --zip-location=/data/app/~~7g2JPGEqG85GV21L8MsiSQ==/com.cabeda.Convocados-u4vU9wDanOJf9VsqviHakg==/base.apk --oat-fd=7 --oat-location=/data/app/~~7g2JPGEqG85GV21L8MsiSQ==/com.cabeda.Convocados-u4vU9wDanOJf9VsqviHakg==/oat/arm64/base.odex --output-vdex-fd=8 --app-image-fd=9 --image-format=lz4 --swap-fd=10 --class-loader-context-fds=11:12 --class-loader-context=PCL[]{PCL[/system_ext/framework/androidx.window.extensions.jar]#PCL[/system_ext/framework/androidx.window.sidecar.jar]} --classpath-dir=/data/app/~~7g2JPGEqG85GV21L8MsiSQ==/com.cabeda.Convocados-u4vU9wDanOJf9VsqviHakg== --input-vdex-fd=13 --profile-file-fd=14 --instruction-set=arm64 --instruction-set-features=default --instruction-set-variant=generic --compiler-filter=speed-profile --compilation-reason=cmdline --compact-dex-level=none --max-image-block-size=524288 --resolve-startup-const-strings=true --generate-mini-debug-info --runtime-arg -Xtarget-sdk-version:35 --runtime-arg -Xhidden-api-policy:enabled --runtime-arg -Xms64m --runtime-arg -Xmx512m --comments=app-version-name:1.2.0,app-version-code:29686634,art-version:340818082
